2026-09-27 14:48:31:root                          :main           :281:INFO   :Starting up on 127.0.0.1:8008
2026-09-27 14:48:32:tools.blk_utils               :lz4_decompress_try:125:DEBUG  :Trying LZ4 be-size prefix; potential uncompressed size: 49023232
2026-09-27 14:48:32:tools.blk_utils               :lz4_decompress_try:128:DEBUG  :LZ4 be-size prefix decompression failed: Decompression failed: corrupt input or insufficient space in destination buffer. Error code: 6
2026-09-27 14:48:32:urllib3.connectionpool        :_new_conn      :1062:DEBUG  :Starting new HTTPS connection (1): api.github.com:443
2026-09-27 14:48:32:urllib3.connectionpool        :_make_request  :544:DEBUG  :https://api.github.com:443 "GET /repos/P3TERX/GeoLite.mmdb HTTP/1.1" 200 1382
2026-09-27 14:48:32:utils.news                    :_writeID       :326:DEBUG  :Writing value 10241 for NEWS
2026-09-27 14:48:32:urllib3.connectionpool        :_make_request  :544:DEBUG  :https://api.github.com:443 "GET /repos/P3TERX/GeoLite.mmdb/releases/latest HTTP/1.1" 200 1189
2026-09-27 14:48:32:utils.news                    :_writeID       :326:DEBUG  :Writing value 1898 for CHANGELOG
2026-09-27 14:48:35:root                          :main           :287:INFO   :Shutting down
2026-09-27 14:55:48:root                          :main           :281:INFO   :Starting up on 127.0.0.1:8008
2026-09-27 14:55:48:tools.blk_utils               :lz4_decompress_try:125:DEBUG  :Trying LZ4 be-size prefix; potential uncompressed size: 49023232
2026-09-27 14:55:48:tools.blk_utils               :lz4_decompress_try:128:DEBUG  :LZ4 be-size prefix decompression failed: Decompression failed: corrupt input or insufficient space in destination buffer. Error code: 6
2026-09-27 14:55:48:urllib3.connectionpool        :_new_conn      :1062:DEBUG  :Starting new HTTPS connection (1): api.github.com:443
2026-09-27 14:55:48:urllib3.connectionpool        :_make_request  :544:DEBUG  :https://api.github.com:443 "GET /repos/P3TERX/GeoLite.mmdb HTTP/1.1" 200 1382
2026-09-27 14:55:48:utils.news                    :_writeID       :326:DEBUG  :Writing value 10241 for NEWS
2026-09-27 14:55:49:urllib3.connectionpool        :_make_request  :544:DEBUG  :https://api.github.com:443 "GET /repos/P3TERX/GeoLite.mmdb/releases/latest HTTP/1.1" 200 1187
2026-09-27 14:55:49:utils.news                    :_writeID       :326:DEBUG  :Writing value 1898 for CHANGELOG
2026-09-27 14:55:50:python_multipart.multipart    :callback       :636:DEBUG  :Calling on_field_start with no data
2026-09-27 14:55:50:python_multipart.multipart    :callback       :633:DEBUG  :Calling on_field_name with data[0:5]
2026-09-27 14:55:50:python_multipart.multipart    :callback       :633:DEBUG  :Calling on_field_data with data[6:35]
2026-09-27 14:55:50:python_multipart.multipart    :callback       :636:DEBUG  :Calling on_field_end with no data
2026-09-27 14:55:50:python_multipart.multipart    :callback       :636:DEBUG  :Calling on_field_start with no data
2026-09-27 14:55:50:python_multipart.multipart    :callback       :633:DEBUG  :Calling on_field_name with data[36:44]
2026-09-27 14:55:50:python_multipart.multipart    :callback       :633:DEBUG  :Calling on_field_data with data[45:60]
2026-09-27 14:55:50:python_multipart.multipart    :callback       :636:DEBUG  :Calling on_field_end with no data
2026-09-27 14:55:50:python_multipart.multipart    :callback       :636:DEBUG  :Calling on_end with no data
2026-09-27 14:55:52:utils.auth                    :login          :455:DEBUG  :Overwriting old loginentry for legendaryevenweeb@gmail.com
2026-09-27 15:05:48:utils.auth                    :refresh        :188:DEBUG  :Refreshing entry for legendaryevenweeb@gmail.com
2026-09-27 15:05:48:utils.auth                    :remove_entry   :595:DEBUG  :Removed entry legendaryevenweeb@gmail.com
2026-09-27 15:25:50:utils.news                    :_writeID       :326:DEBUG  :Writing value 10241 for NEWS
2026-09-27 15:25:50:utils.news                    :_writeID       :326:DEBUG  :Writing value 1898 for CHANGELOG
2026-09-27 15:38:49:python_multipart.multipart    :callback       :636:DEBUG  :Calling on_field_start with no data
2026-09-27 15:38:49:python_multipart.multipart    :callback       :633:DEBUG  :Calling on_field_name with data[0:5]
2026-09-27 15:38:49:python_multipart.multipart    :callback       :633:DEBUG  :Calling on_field_data with data[6:28]
2026-09-27 15:38:49:python_multipart.multipart    :callback       :636:DEBUG  :Calling on_field_end with no data
2026-09-27 15:38:49:python_multipart.multipart    :callback       :636:DEBUG  :Calling on_field_start with no data
2026-09-27 15:38:49:python_multipart.multipart    :callback       :633:DEBUG  :Calling on_field_name with data[29:37]
2026-09-27 15:38:49:python_multipart.multipart    :callback       :633:DEBUG  :Calling on_field_data with data[38:50]
2026-09-27 15:38:49:python_multipart.multipart    :callback       :636:DEBUG  :Calling on_field_end with no data
2026-09-27 15:38:49:python_multipart.multipart    :callback       :636:DEBUG  :Calling on_end with no data
2026-09-27 15:40:00:python_multipart.multipart    :callback       :636:DEBUG  :Calling on_field_start with no data
2026-09-27 15:40:00:python_multipart.multipart    :callback       :633:DEBUG  :Calling on_field_name with data[0:5]
2026-09-27 15:40:00:python_multipart.multipart    :callback       :633:DEBUG  :Calling on_field_data with data[6:35]
2026-09-27 15:40:00:python_multipart.multipart    :callback       :636:DEBUG  :Calling on_field_end with no data
2026-09-27 15:40:00:python_multipart.multipart    :callback       :636:DEBUG  :Calling on_field_start with no data
2026-09-27 15:40:00:python_multipart.multipart    :callback       :633:DEBUG  :Calling on_field_name with data[36:44]
2026-09-27 15:40:00:python_multipart.multipart    :callback       :633:DEBUG  :Calling on_field_data with data[45:60]
2026-09-27 15:40:00:python_multipart.multipart    :callback       :636:DEBUG  :Calling on_field_end with no data
2026-09-27 15:40:00:python_multipart.multipart    :callback       :636:DEBUG  :Calling on_end with no data
2026-09-27 15:40:02:tools.blk_utils               :lz4_decompress_try:125:DEBUG  :Trying LZ4 marker+size; potential uncompressed size: 10030
2026-09-27 15:40:03:tools.blk_utils               :lz4_decompress_try:125:DEBUG  :Trying LZ4 marker+size; potential uncompressed size: 10030
2026-09-27 15:40:09:tools.blk_utils               :lz4_decompress_try:125:DEBUG  :Trying LZ4 marker+size; potential uncompressed size: 10030
2026-09-27 15:40:56:tools.blk_utils               :lz4_decompress_try:125:DEBUG  :Trying LZ4 marker+size; potential uncompressed size: 10030
2026-09-27 15:41:08:tools.blk_utils               :lz4_decompress_try:125:DEBUG  :Trying LZ4 marker+size; potential uncompressed size: 10030
2026-09-27 15:45:48:utils.auth                    :refresh        :188:DEBUG  :Refreshing entry for legendaryevenweeb@gmail.com
2026-09-27 15:45:48:utils.auth                    :remove_entry   :595:DEBUG  :Removed entry legendaryevenweeb@gmail.com
2026-09-27 15:55:50:utils.news                    :_writeID       :326:DEBUG  :Writing value 10241 for NEWS
2026-09-27 15:55:51:utils.news                    :_writeID       :326:DEBUG  :Writing value 1898 for CHANGELOG
2026-09-27 15:55:58:root                          :main           :287:INFO   :Shutting down
2026-09-27 20:41:10:root                          :main           :281:INFO   :Starting up on 127.0.0.1:8008
2026-09-27 20:41:10:tools.blk_utils               :lz4_decompress_try:125:DEBUG  :Trying LZ4 be-size prefix; potential uncompressed size: 49023232
2026-09-27 20:41:10:tools.blk_utils               :lz4_decompress_try:128:DEBUG  :LZ4 be-size prefix decompression failed: Decompression failed: corrupt input or insufficient space in destination buffer. Error code: 6
2026-09-27 20:41:10:urllib3.connectionpool        :_new_conn      :1062:DEBUG  :Starting new HTTPS connection (1): api.github.com:443
2026-09-27 20:41:11:urllib3.connectionpool        :_make_request  :544:DEBUG  :https://api.github.com:443 "GET /repos/P3TERX/GeoLite.mmdb HTTP/1.1" 200 1379
2026-09-27 20:41:11:utils.news                    :_writeID       :326:DEBUG  :Writing value 10241 for NEWS
2026-09-27 20:41:11:urllib3.connectionpool        :_make_request  :544:DEBUG  :https://api.github.com:443 "GET /repos/P3TERX/GeoLite.mmdb/releases/latest HTTP/1.1" 200 1189
2026-09-27 20:41:11:utils.news                    :_writeID       :326:DEBUG  :Writing value 1898 for CHANGELOG
2026-09-27 20:44:42:python_multipart.multipart    :callback       :636:DEBUG  :Calling on_field_start with no data
2026-09-27 20:44:42:python_multipart.multipart    :callback       :633:DEBUG  :Calling on_field_name with data[0:5]
2026-09-27 20:44:42:python_multipart.multipart    :callback       :633:DEBUG  :Calling on_field_data with data[6:35]
2026-09-27 20:44:42:python_multipart.multipart    :callback       :636:DEBUG  :Calling on_field_end with no data
2026-09-27 20:44:42:python_multipart.multipart    :callback       :636:DEBUG  :Calling on_field_start with no data
2026-09-27 20:44:42:python_multipart.multipart    :callback       :633:DEBUG  :Calling on_field_name with data[36:44]
2026-09-27 20:44:42:python_multipart.multipart    :callback       :633:DEBUG  :Calling on_field_data with data[45:60]
2026-09-27 20:44:42:python_multipart.multipart    :callback       :636:DEBUG  :Calling on_field_end with no data
2026-09-27 20:44:42:python_multipart.multipart    :callback       :636:DEBUG  :Calling on_end with no data
2026-09-27 20:44:48:tools.blk_utils               :lz4_decompress_try:125:DEBUG  :Trying LZ4 marker+size; potential uncompressed size: 10030
2026-09-27 20:51:10:utils.auth                    :refresh        :188:DEBUG  :Refreshing entry for legendaryevenweeb@gmail.com
2026-09-27 20:51:10:utils.auth                    :remove_entry   :595:DEBUG  :Removed entry legendaryevenweeb@gmail.com
2026-09-27 21:11:12:utils.news                    :_writeID       :326:DEBUG  :Writing value 10241 for NEWS
2026-09-27 21:11:12:utils.news                    :_writeID       :326:DEBUG  :Writing value 1898 for CHANGELOG
2026-09-27 21:18:06:python_multipart.multipart    :callback       :636:DEBUG  :Calling on_field_start with no data
2026-09-27 21:18:06:python_multipart.multipart    :callback       :633:DEBUG  :Calling on_field_name with data[0:5]
2026-09-27 21:18:06:python_multipart.multipart    :callback       :633:DEBUG  :Calling on_field_data with data[6:35]
2026-09-27 21:18:06:python_multipart.multipart    :callback       :636:DEBUG  :Calling on_field_end with no data
2026-09-27 21:18:06:python_multipart.multipart    :callback       :636:DEBUG  :Calling on_field_start with no data
2026-09-27 21:18:06:python_multipart.multipart    :callback       :633:DEBUG  :Calling on_field_name with data[36:44]
2026-09-27 21:18:06:python_multipart.multipart    :callback       :633:DEBUG  :Calling on_field_data with data[45:60]
2026-09-27 21:18:06:python_multipart.multipart    :callback       :636:DEBUG  :Calling on_field_end with no data
2026-09-27 21:18:06:python_multipart.multipart    :callback       :636:DEBUG  :Calling on_end with no data
2026-09-27 21:18:10:tools.blk_utils               :lz4_decompress_try:125:DEBUG  :Trying LZ4 marker+size; potential uncompressed size: 367
2026-09-27 21:18:11:tools.blk_utils               :lz4_decompress_try:125:DEBUG  :Trying LZ4 marker+size; potential uncompressed size: 10030
2026-09-27 21:18:11:tools.blk_utils               :lz4_decompress_try:125:DEBUG  :Trying LZ4 marker+size; potential uncompressed size: 855
2026-09-27 21:18:25:tools.blk_utils               :lz4_decompress_try:125:DEBUG  :Trying LZ4 marker+size; potential uncompressed size: 367
2026-09-27 21:18:25:tools.blk_utils               :lz4_decompress_try:125:DEBUG  :Trying LZ4 marker+size; potential uncompressed size: 10030
2026-09-27 21:18:25:tools.blk_utils               :lz4_decompress_try:125:DEBUG  :Trying LZ4 marker+size; potential uncompressed size: 839
2026-09-27 21:18:33:tools.blk_utils               :lz4_decompress_try:125:DEBUG  :Trying LZ4 marker+size; potential uncompressed size: 367
2026-09-27 21:18:33:tools.blk_utils               :lz4_decompress_try:125:DEBUG  :Trying LZ4 marker+size; potential uncompressed size: 10030
2026-09-27 21:18:33:tools.blk_utils               :lz4_decompress_try:125:DEBUG  :Trying LZ4 marker+size; potential uncompressed size: 800
2026-09-27 21:18:45:tools.blk_utils               :lz4_decompress_try:125:DEBUG  :Trying LZ4 marker+size; potential uncompressed size: 367
2026-09-27 21:18:46:tools.blk_utils               :lz4_decompress_try:125:DEBUG  :Trying LZ4 marker+size; potential uncompressed size: 10030
2026-09-27 21:18:46:tools.blk_utils               :lz4_decompress_try:125:DEBUG  :Trying LZ4 marker+size; potential uncompressed size: 855
2026-09-27 21:21:10:utils.auth                    :refresh        :188:DEBUG  :Refreshing entry for legendaryevenweeb@gmail.com
2026-09-27 21:21:10:utils.auth                    :remove_entry   :595:DEBUG  :Removed entry legendaryevenweeb@gmail.com
2026-09-27 21:22:20:python_multipart.multipart    :callback       :636:DEBUG  :Calling on_field_start with no data
2026-09-27 21:22:20:python_multipart.multipart    :callback       :633:DEBUG  :Calling on_field_name with data[0:5]
2026-09-27 21:22:20:python_multipart.multipart    :callback       :633:DEBUG  :Calling on_field_data with data[6:35]
2026-09-27 21:22:20:python_multipart.multipart    :callback       :636:DEBUG  :Calling on_field_end with no data
2026-09-27 21:22:20:python_multipart.multipart    :callback       :636:DEBUG  :Calling on_field_start with no data
2026-09-27 21:22:20:python_multipart.multipart    :callback       :633:DEBUG  :Calling on_field_name with data[36:44]
2026-09-27 21:22:20:python_multipart.multipart    :callback       :633:DEBUG  :Calling on_field_data with data[45:60]
2026-09-27 21:22:20:python_multipart.multipart    :callback       :636:DEBUG  :Calling on_field_end with no data
2026-09-27 21:22:20:python_multipart.multipart    :callback       :636:DEBUG  :Calling on_end with no data
2026-09-27 21:22:24:tools.blk_utils               :lz4_decompress_try:125:DEBUG  :Trying LZ4 marker+size; potential uncompressed size: 367
2026-09-27 21:22:25:tools.blk_utils               :lz4_decompress_try:125:DEBUG  :Trying LZ4 marker+size; potential uncompressed size: 10030
2026-09-27 21:22:25:tools.blk_utils               :lz4_decompress_try:125:DEBUG  :Trying LZ4 marker+size; potential uncompressed size: 855
2026-09-27 21:22:28:tools.blk_utils               :lz4_decompress_try:125:DEBUG  :Trying LZ4 marker+size; potential uncompressed size: 367
2026-09-27 21:22:28:tools.blk_utils               :lz4_decompress_try:125:DEBUG  :Trying LZ4 marker+size; potential uncompressed size: 10030
2026-09-27 21:22:28:tools.blk_utils               :lz4_decompress_try:125:DEBUG  :Trying LZ4 marker+size; potential uncompressed size: 839
2026-09-27 21:22:29:tools.blk_utils               :lz4_decompress_try:125:DEBUG  :Trying LZ4 marker+size; potential uncompressed size: 367
2026-09-27 21:22:29:tools.blk_utils               :lz4_decompress_try:125:DEBUG  :Trying LZ4 marker+size; potential uncompressed size: 10030
2026-09-27 21:22:30:tools.blk_utils               :lz4_decompress_try:125:DEBUG  :Trying LZ4 marker+size; potential uncompressed size: 800
2026-09-27 21:23:06:tools.blk_utils               :lz4_decompress_try:125:DEBUG  :Trying LZ4 marker+size; potential uncompressed size: 367
2026-09-27 21:23:06:tools.blk_utils               :lz4_decompress_try:125:DEBUG  :Trying LZ4 marker+size; potential uncompressed size: 10030
2026-09-27 21:23:06:tools.blk_utils               :lz4_decompress_try:125:DEBUG  :Trying LZ4 marker+size; potential uncompressed size: 695
2026-09-27 21:23:10:tools.blk_utils               :lz4_decompress_try:125:DEBUG  :Trying LZ4 marker+size; potential uncompressed size: 367
2026-09-27 21:23:10:tools.blk_utils               :lz4_decompress_try:125:DEBUG  :Trying LZ4 marker+size; potential uncompressed size: 10030
2026-09-27 21:23:10:tools.blk_utils               :lz4_decompress_try:125:DEBUG  :Trying LZ4 marker+size; potential uncompressed size: 893
2026-09-27 21:23:16:tools.blk_utils               :lz4_decompress_try:125:DEBUG  :Trying LZ4 marker+size; potential uncompressed size: 367
2026-09-27 21:23:16:tools.blk_utils               :lz4_decompress_try:125:DEBUG  :Trying LZ4 marker+size; potential uncompressed size: 10030
2026-09-27 21:23:16:tools.blk_utils               :lz4_decompress_try:125:DEBUG  :Trying LZ4 marker+size; potential uncompressed size: 933
2026-09-27 21:23:22:tools.blk_utils               :lz4_decompress_try:125:DEBUG  :Trying LZ4 marker+size; potential uncompressed size: 367
2026-09-27 21:23:22:tools.blk_utils               :lz4_decompress_try:125:DEBUG  :Trying LZ4 marker+size; potential uncompressed size: 10030
2026-09-27 21:23:22:tools.blk_utils               :lz4_decompress_try:125:DEBUG  :Trying LZ4 marker+size; potential uncompressed size: 785
2026-09-27 21:23:32:tools.blk_utils               :lz4_decompress_try:125:DEBUG  :Trying LZ4 marker+size; potential uncompressed size: 367
2026-09-27 21:23:32:tools.blk_utils               :lz4_decompress_try:125:DEBUG  :Trying LZ4 marker+size; potential uncompressed size: 10030
2026-09-27 21:23:32:tools.blk_utils               :lz4_decompress_try:125:DEBUG  :Trying LZ4 marker+size; potential uncompressed size: 947
2026-09-27 21:23:36:tools.blk_utils               :lz4_decompress_try:125:DEBUG  :Trying LZ4 marker+size; potential uncompressed size: 367
2026-09-27 21:23:36:tools.blk_utils               :lz4_decompress_try:125:DEBUG  :Trying LZ4 marker+size; potential uncompressed size: 10030
2026-09-27 21:23:36:tools.blk_utils               :lz4_decompress_try:125:DEBUG  :Trying LZ4 marker+size; potential uncompressed size: 957
2026-09-27 21:23:40:tools.blk_utils               :lz4_decompress_try:125:DEBUG  :Trying LZ4 marker+size; potential uncompressed size: 367
2026-09-27 21:23:40:tools.blk_utils               :lz4_decompress_try:125:DEBUG  :Trying LZ4 marker+size; potential uncompressed size: 10030
2026-09-27 21:23:40:tools.blk_utils               :lz4_decompress_try:125:DEBUG  :Trying LZ4 marker+size; potential uncompressed size: 1111
2026-09-27 21:24:53:tools.blk_utils               :lz4_decompress_try:125:DEBUG  :Trying LZ4 marker+size; potential uncompressed size: 367
2026-09-27 21:24:54:tools.blk_utils               :lz4_decompress_try:125:DEBUG  :Trying LZ4 marker+size; potential uncompressed size: 10030
2026-09-27 21:24:54:tools.blk_utils               :lz4_decompress_try:125:DEBUG  :Trying LZ4 marker+size; potential uncompressed size: 846
2026-09-27 21:24:59:tools.blk_utils               :lz4_decompress_try:125:DEBUG  :Trying LZ4 marker+size; potential uncompressed size: 367
2026-09-27 21:24:59:tools.blk_utils               :lz4_decompress_try:125:DEBUG  :Trying LZ4 marker+size; potential uncompressed size: 10030
2026-09-27 21:24:59:tools.blk_utils               :lz4_decompress_try:125:DEBUG  :Trying LZ4 marker+size; potential uncompressed size: 995
2026-09-27 21:25:02:tools.blk_utils               :lz4_decompress_try:125:DEBUG  :Trying LZ4 marker+size; potential uncompressed size: 367
2026-09-27 21:25:02:tools.blk_utils               :lz4_decompress_try:125:DEBUG  :Trying LZ4 marker+size; potential uncompressed size: 10030
2026-09-27 21:25:02:tools.blk_utils               :lz4_decompress_try:125:DEBUG  :Trying LZ4 marker+size; potential uncompressed size: 965
2026-09-27 21:27:06:tools.blk_utils               :lz4_decompress_try:125:DEBUG  :Trying LZ4 marker+size; potential uncompressed size: 367
2026-09-27 21:27:07:tools.blk_utils               :lz4_decompress_try:125:DEBUG  :Trying LZ4 marker+size; potential uncompressed size: 10030
2026-09-27 21:27:07:tools.blk_utils               :lz4_decompress_try:125:DEBUG  :Trying LZ4 marker+size; potential uncompressed size: 855
2026-09-27 21:29:52:tools.blk_utils               :lz4_decompress_try:125:DEBUG  :Trying LZ4 marker+size; potential uncompressed size: 367
2026-09-27 21:29:52:tools.blk_utils               :lz4_decompress_try:125:DEBUG  :Trying LZ4 marker+size; potential uncompressed size: 10030
2026-09-27 21:29:52:tools.blk_utils               :lz4_decompress_try:125:DEBUG  :Trying LZ4 marker+size; potential uncompressed size: 855
2026-09-27 21:29:59:tools.blk_utils               :lz4_decompress_try:125:DEBUG  :Trying LZ4 marker+size; potential uncompressed size: 367
2026-09-27 21:29:59:tools.blk_utils               :lz4_decompress_try:125:DEBUG  :Trying LZ4 marker+size; potential uncompressed size: 10030
2026-09-27 21:29:59:tools.blk_utils               :lz4_decompress_try:125:DEBUG  :Trying LZ4 marker+size; potential uncompressed size: 839
2026-09-27 21:30:05:tools.blk_utils               :lz4_decompress_try:125:DEBUG  :Trying LZ4 marker+size; potential uncompressed size: 367
2026-09-27 21:30:05:tools.blk_utils               :lz4_decompress_try:125:DEBUG  :Trying LZ4 marker+size; potential uncompressed size: 10030
2026-09-27 21:30:05:tools.blk_utils               :lz4_decompress_try:125:DEBUG  :Trying LZ4 marker+size; potential uncompressed size: 800
2026-09-27 21:31:10:utils.auth                    :refresh        :188:DEBUG  :Refreshing entry for legendaryevenweeb@gmail.com
2026-09-27 21:31:10:utils.auth                    :remove_entry   :595:DEBUG  :Removed entry legendaryevenweeb@gmail.com
2026-09-27 21:41:13:utils.news                    :_writeID       :326:DEBUG  :Writing value 10241 for NEWS
2026-09-27 21:41:13:utils.news                    :_writeID       :326:DEBUG  :Writing value 1898 for CHANGELOG
2026-09-27 21:55:07:root                          :main           :287:INFO   :Shutting down
2026-09-27 21:55:10:root                          :main           :281:INFO   :Starting up on 127.0.0.1:8008
2026-09-27 21:55:10:tools.blk_utils               :lz4_decompress_try:125:DEBUG  :Trying LZ4 be-size prefix; potential uncompressed size: 49023232
2026-09-27 21:55:10:tools.blk_utils               :lz4_decompress_try:128:DEBUG  :LZ4 be-size prefix decompression failed: Decompression failed: corrupt input or insufficient space in destination buffer. Error code: 6
2026-09-27 21:55:10:urllib3.connectionpool        :_new_conn      :1062:DEBUG  :Starting new HTTPS connection (1): api.github.com:443
2026-09-27 21:55:11:utils.news                    :_writeID       :326:DEBUG  :Writing value 10241 for NEWS
2026-09-27 21:55:11:urllib3.connectionpool        :_make_request  :544:DEBUG  :https://api.github.com:443 "GET /repos/P3TERX/GeoLite.mmdb HTTP/1.1" 200 1379
2026-09-27 21:55:11:utils.news                    :_writeID       :326:DEBUG  :Writing value 1898 for CHANGELOG
2026-09-27 21:55:11:urllib3.connectionpool        :_make_request  :544:DEBUG  :https://api.github.com:443 "GET /repos/P3TERX/GeoLite.mmdb/releases/latest HTTP/1.1" 200 1193
2026-09-27 21:58:47:python_multipart.multipart    :callback       :636:DEBUG  :Calling on_field_start with no data
2026-09-27 21:58:47:python_multipart.multipart    :callback       :633:DEBUG  :Calling on_field_name with data[0:5]
2026-09-27 21:58:47:python_multipart.multipart    :callback       :633:DEBUG  :Calling on_field_data with data[6:35]
2026-09-27 21:58:47:python_multipart.multipart    :callback       :636:DEBUG  :Calling on_field_end with no data
2026-09-27 21:58:47:python_multipart.multipart    :callback       :636:DEBUG  :Calling on_field_start with no data
2026-09-27 21:58:47:python_multipart.multipart    :callback       :633:DEBUG  :Calling on_field_name with data[36:44]
2026-09-27 21:58:47:python_multipart.multipart    :callback       :633:DEBUG  :Calling on_field_data with data[45:60]
2026-09-27 21:58:47:python_multipart.multipart    :callback       :636:DEBUG  :Calling on_field_end with no data
2026-09-27 21:58:47:python_multipart.multipart    :callback       :636:DEBUG  :Calling on_end with no data
2026-09-27 21:58:51:tools.blk_utils               :lz4_decompress_try:125:DEBUG  :Trying LZ4 marker+size; potential uncompressed size: 367
2026-09-27 21:58:51:tools.blk_utils               :lz4_decompress_try:125:DEBUG  :Trying LZ4 marker+size; potential uncompressed size: 10030
2026-09-27 21:58:51:tools.blk_utils               :lz4_decompress_try:125:DEBUG  :Trying LZ4 marker+size; potential uncompressed size: 855
2026-09-27 21:58:55:tools.blk_utils               :lz4_decompress_try:125:DEBUG  :Trying LZ4 marker+size; potential uncompressed size: 367
2026-09-27 21:58:56:tools.blk_utils               :lz4_decompress_try:125:DEBUG  :Trying LZ4 marker+size; potential uncompressed size: 10030
2026-09-27 21:58:56:tools.blk_utils               :lz4_decompress_try:125:DEBUG  :Trying LZ4 marker+size; potential uncompressed size: 855
2026-09-27 21:59:10:tools.blk_utils               :lz4_decompress_try:125:DEBUG  :Trying LZ4 marker+size; potential uncompressed size: 367
2026-09-27 21:59:11:tools.blk_utils               :lz4_decompress_try:125:DEBUG  :Trying LZ4 marker+size; potential uncompressed size: 10030
2026-09-27 21:59:11:tools.blk_utils               :lz4_decompress_try:125:DEBUG  :Trying LZ4 marker+size; potential uncompressed size: 839
2026-09-27 21:59:13:tools.blk_utils               :lz4_decompress_try:125:DEBUG  :Trying LZ4 marker+size; potential uncompressed size: 367
2026-09-27 21:59:13:tools.blk_utils               :lz4_decompress_try:125:DEBUG  :Trying LZ4 marker+size; potential uncompressed size: 10030
2026-09-27 21:59:13:tools.blk_utils               :lz4_decompress_try:125:DEBUG  :Trying LZ4 marker+size; potential uncompressed size: 800
2026-09-27 21:59:16:tools.blk_utils               :lz4_decompress_try:125:DEBUG  :Trying LZ4 marker+size; potential uncompressed size: 367
2026-09-27 21:59:16:tools.blk_utils               :lz4_decompress_try:125:DEBUG  :Trying LZ4 marker+size; potential uncompressed size: 10030
2026-09-27 21:59:16:tools.blk_utils               :lz4_decompress_try:125:DEBUG  :Trying LZ4 marker+size; potential uncompressed size: 695
2026-09-27 21:59:18:tools.blk_utils               :lz4_decompress_try:125:DEBUG  :Trying LZ4 marker+size; potential uncompressed size: 367
2026-09-27 21:59:18:tools.blk_utils               :lz4_decompress_try:125:DEBUG  :Trying LZ4 marker+size; potential uncompressed size: 10030
2026-09-27 21:59:18:tools.blk_utils               :lz4_decompress_try:125:DEBUG  :Trying LZ4 marker+size; potential uncompressed size: 893
2026-09-27 21:59:21:tools.blk_utils               :lz4_decompress_try:125:DEBUG  :Trying LZ4 marker+size; potential uncompressed size: 367
2026-09-27 21:59:21:tools.blk_utils               :lz4_decompress_try:125:DEBUG  :Trying LZ4 marker+size; potential uncompressed size: 10030
2026-09-27 21:59:21:tools.blk_utils               :lz4_decompress_try:125:DEBUG  :Trying LZ4 marker+size; potential uncompressed size: 933
2026-09-27 21:59:26:tools.blk_utils               :lz4_decompress_try:125:DEBUG  :Trying LZ4 marker+size; potential uncompressed size: 367
2026-09-27 21:59:26:tools.blk_utils               :lz4_decompress_try:125:DEBUG  :Trying LZ4 marker+size; potential uncompressed size: 10030
2026-09-27 21:59:26:tools.blk_utils               :lz4_decompress_try:125:DEBUG  :Trying LZ4 marker+size; potential uncompressed size: 785
2026-09-27 21:59:31:tools.blk_utils               :lz4_decompress_try:125:DEBUG  :Trying LZ4 marker+size; potential uncompressed size: 367
2026-09-27 21:59:31:tools.blk_utils               :lz4_decompress_try:125:DEBUG  :Trying LZ4 marker+size; potential uncompressed size: 10030
2026-09-27 21:59:32:tools.blk_utils               :lz4_decompress_try:125:DEBUG  :Trying LZ4 marker+size; potential uncompressed size: 947
2026-09-27 22:00:48:tools.blk_utils               :lz4_decompress_try:125:DEBUG  :Trying LZ4 marker+size; potential uncompressed size: 367
2026-09-27 22:00:49:tools.blk_utils               :lz4_decompress_try:125:DEBUG  :Trying LZ4 marker+size; potential uncompressed size: 10030
2026-09-27 22:00:49:tools.blk_utils               :lz4_decompress_try:125:DEBUG  :Trying LZ4 marker+size; potential uncompressed size: 957
2026-09-27 22:00:52:tools.blk_utils               :lz4_decompress_try:125:DEBUG  :Trying LZ4 marker+size; potential uncompressed size: 367
2026-09-27 22:00:52:tools.blk_utils               :lz4_decompress_try:125:DEBUG  :Trying LZ4 marker+size; potential uncompressed size: 10030
2026-09-27 22:00:52:tools.blk_utils               :lz4_decompress_try:125:DEBUG  :Trying LZ4 marker+size; potential uncompressed size: 1111
2026-09-27 22:03:35:tools.blk_utils               :lz4_decompress_try:125:DEBUG  :Trying LZ4 marker+size; potential uncompressed size: 367
2026-09-27 22:03:35:tools.blk_utils               :lz4_decompress_try:125:DEBUG  :Trying LZ4 marker+size; potential uncompressed size: 10030
2026-09-27 22:03:35:tools.blk_utils               :lz4_decompress_try:125:DEBUG  :Trying LZ4 marker+size; potential uncompressed size: 855
2026-09-27 22:04:24:tools.blk_utils               :lz4_decompress_try:125:DEBUG  :Trying LZ4 marker+size; potential uncompressed size: 367
2026-09-27 22:04:24:tools.blk_utils               :lz4_decompress_try:125:DEBUG  :Trying LZ4 marker+size; potential uncompressed size: 10030
2026-09-27 22:04:24:tools.blk_utils               :lz4_decompress_try:125:DEBUG  :Trying LZ4 marker+size; potential uncompressed size: 839
2026-09-27 22:04:26:tools.blk_utils               :lz4_decompress_try:125:DEBUG  :Trying LZ4 marker+size; potential uncompressed size: 367
2026-09-27 22:04:26:tools.blk_utils               :lz4_decompress_try:125:DEBUG  :Trying LZ4 marker+size; potential uncompressed size: 10030
2026-09-27 22:04:27:tools.blk_utils               :lz4_decompress_try:125:DEBUG  :Trying LZ4 marker+size; potential uncompressed size: 800
2026-09-27 22:04:28:tools.blk_utils               :lz4_decompress_try:125:DEBUG  :Trying LZ4 marker+size; potential uncompressed size: 367
2026-09-27 22:04:28:tools.blk_utils               :lz4_decompress_try:125:DEBUG  :Trying LZ4 marker+size; potential uncompressed size: 10030
2026-09-27 22:04:28:tools.blk_utils               :lz4_decompress_try:125:DEBUG  :Trying LZ4 marker+size; potential uncompressed size: 695
2026-09-27 22:04:30:tools.blk_utils               :lz4_decompress_try:125:DEBUG  :Trying LZ4 marker+size; potential uncompressed size: 367
2026-09-27 22:04:30:tools.blk_utils               :lz4_decompress_try:125:DEBUG  :Trying LZ4 marker+size; potential uncompressed size: 10030
2026-09-27 22:04:30:tools.blk_utils               :lz4_decompress_try:125:DEBUG  :Trying LZ4 marker+size; potential uncompressed size: 893
2026-09-27 22:04:32:tools.blk_utils               :lz4_decompress_try:125:DEBUG  :Trying LZ4 marker+size; potential uncompressed size: 367
2026-09-27 22:04:32:tools.blk_utils               :lz4_decompress_try:125:DEBUG  :Trying LZ4 marker+size; potential uncompressed size: 10030
2026-09-27 22:04:32:tools.blk_utils               :lz4_decompress_try:125:DEBUG  :Trying LZ4 marker+size; potential uncompressed size: 933
2026-09-27 22:04:35:tools.blk_utils               :lz4_decompress_try:125:DEBUG  :Trying LZ4 marker+size; potential uncompressed size: 367
2026-09-27 22:04:35:tools.blk_utils               :lz4_decompress_try:125:DEBUG  :Trying LZ4 marker+size; potential uncompressed size: 10030
2026-09-27 22:04:35:tools.blk_utils               :lz4_decompress_try:125:DEBUG  :Trying LZ4 marker+size; potential uncompressed size: 785
2026-09-27 22:04:37:tools.blk_utils               :lz4_decompress_try:125:DEBUG  :Trying LZ4 marker+size; potential uncompressed size: 367
2026-09-27 22:04:37:tools.blk_utils               :lz4_decompress_try:125:DEBUG  :Trying LZ4 marker+size; potential uncompressed size: 10030
2026-09-27 22:04:37:tools.blk_utils               :lz4_decompress_try:125:DEBUG  :Trying LZ4 marker+size; potential uncompressed size: 947
2026-09-27 22:04:41:tools.blk_utils               :lz4_decompress_try:125:DEBUG  :Trying LZ4 marker+size; potential uncompressed size: 367
2026-09-27 22:04:41:tools.blk_utils               :lz4_decompress_try:125:DEBUG  :Trying LZ4 marker+size; potential uncompressed size: 10030
2026-09-27 22:04:41:tools.blk_utils               :lz4_decompress_try:125:DEBUG  :Trying LZ4 marker+size; potential uncompressed size: 957
2026-09-27 22:04:44:tools.blk_utils               :lz4_decompress_try:125:DEBUG  :Trying LZ4 marker+size; potential uncompressed size: 367
2026-09-27 22:04:44:tools.blk_utils               :lz4_decompress_try:125:DEBUG  :Trying LZ4 marker+size; potential uncompressed size: 10030
2026-09-27 22:04:45:tools.blk_utils               :lz4_decompress_try:125:DEBUG  :Trying LZ4 marker+size; potential uncompressed size: 1111
2026-09-27 22:04:52:tools.blk_utils               :lz4_decompress_try:125:DEBUG  :Trying LZ4 marker+size; potential uncompressed size: 367
2026-09-27 22:04:52:tools.blk_utils               :lz4_decompress_try:125:DEBUG  :Trying LZ4 marker+size; potential uncompressed size: 10030
2026-09-27 22:04:52:tools.blk_utils               :lz4_decompress_try:125:DEBUG  :Trying LZ4 marker+size; potential uncompressed size: 846
2026-09-27 22:05:10:utils.auth                    :refresh        :188:DEBUG  :Refreshing entry for legendaryevenweeb@gmail.com
2026-09-27 22:05:10:utils.auth                    :remove_entry   :595:DEBUG  :Removed entry legendaryevenweeb@gmail.com
2026-09-27 22:15:36:python_multipart.multipart    :callback       :636:DEBUG  :Calling on_field_start with no data
2026-09-27 22:15:36:python_multipart.multipart    :callback       :633:DEBUG  :Calling on_field_name with data[0:5]
2026-09-27 22:15:36:python_multipart.multipart    :callback       :633:DEBUG  :Calling on_field_data with data[6:35]
2026-09-27 22:15:36:python_multipart.multipart    :callback       :636:DEBUG  :Calling on_field_end with no data
2026-09-27 22:15:36:python_multipart.multipart    :callback       :636:DEBUG  :Calling on_field_start with no data
2026-09-27 22:15:36:python_multipart.multipart    :callback       :633:DEBUG  :Calling on_field_name with data[36:44]
2026-09-27 22:15:36:python_multipart.multipart    :callback       :633:DEBUG  :Calling on_field_data with data[45:60]
2026-09-27 22:15:36:python_multipart.multipart    :callback       :636:DEBUG  :Calling on_field_end with no data
2026-09-27 22:15:36:python_multipart.multipart    :callback       :636:DEBUG  :Calling on_end with no data
2026-09-27 22:23:25:tools.blk_utils               :lz4_decompress_try:125:DEBUG  :Trying LZ4 marker+size; potential uncompressed size: 10030
2026-09-27 22:23:25:tools.blk_utils               :lz4_decompress_try:125:DEBUG  :Trying LZ4 marker+size; potential uncompressed size: 23138
2026-09-27 22:25:10:utils.auth                    :refresh        :188:DEBUG  :Refreshing entry for legendaryevenweeb@gmail.com
2026-09-27 22:25:10:utils.auth                    :remove_entry   :595:DEBUG  :Removed entry legendaryevenweeb@gmail.com
2026-09-27 22:25:11:utils.news                    :_writeID       :326:DEBUG  :Writing value 10241 for NEWS
2026-09-27 22:25:12:utils.news                    :_writeID       :326:DEBUG  :Writing value 1898 for CHANGELOG
2026-09-27 22:25:57:root                          :main           :287:INFO   :Shutting down
2026-09-27 22:26:23:root                          :main           :281:INFO   :Starting up on 127.0.0.1:8008
2026-09-27 22:26:38:tools.blk_utils               :lz4_decompress_try:125:DEBUG  :Trying LZ4 be-size prefix; potential uncompressed size: 49023232
2026-09-27 22:26:38:tools.blk_utils               :lz4_decompress_try:128:DEBUG  :LZ4 be-size prefix decompression failed: Decompression failed: corrupt input or insufficient space in destination buffer. Error code: 6
2026-09-27 22:26:38:urllib3.connectionpool        :_new_conn      :1062:DEBUG  :Starting new HTTPS connection (1): api.github.com:443
2026-09-27 22:26:38:utils.news                    :_writeID       :326:DEBUG  :Writing value 10241 for NEWS
2026-09-27 22:26:38:urllib3.connectionpool        :_make_request  :544:DEBUG  :https://api.github.com:443 "GET /repos/P3TERX/GeoLite.mmdb HTTP/1.1" 200 1379
2026-09-27 22:26:39:utils.news                    :_writeID       :326:DEBUG  :Writing value 1898 for CHANGELOG
2026-09-27 22:26:39:urllib3.connectionpool        :_make_request  :544:DEBUG  :https://api.github.com:443 "GET /repos/P3TERX/GeoLite.mmdb/releases/latest HTTP/1.1" 200 1186
2026-09-27 22:26:56:python_multipart.multipart    :callback       :636:DEBUG  :Calling on_field_start with no data
2026-09-27 22:26:56:python_multipart.multipart    :callback       :633:DEBUG  :Calling on_field_name with data[0:5]
2026-09-27 22:26:56:python_multipart.multipart    :callback       :633:DEBUG  :Calling on_field_data with data[6:35]
2026-09-27 22:26:56:python_multipart.multipart    :callback       :636:DEBUG  :Calling on_field_end with no data
2026-09-27 22:26:56:python_multipart.multipart    :callback       :636:DEBUG  :Calling on_field_start with no data
2026-09-27 22:26:56:python_multipart.multipart    :callback       :633:DEBUG  :Calling on_field_name with data[36:44]
2026-09-27 22:26:56:python_multipart.multipart    :callback       :633:DEBUG  :Calling on_field_data with data[45:60]
2026-09-27 22:26:56:python_multipart.multipart    :callback       :636:DEBUG  :Calling on_field_end with no data
2026-09-27 22:26:56:python_multipart.multipart    :callback       :636:DEBUG  :Calling on_end with no data
2026-09-27 22:27:17:root                          :main           :281:INFO   :Starting up on 127.0.0.1:8008
2026-09-27 22:27:19:tools.blk_utils               :lz4_decompress_try:125:DEBUG  :Trying LZ4 be-size prefix; potential uncompressed size: 49023232
2026-09-27 22:27:19:tools.blk_utils               :lz4_decompress_try:128:DEBUG  :LZ4 be-size prefix decompression failed: Decompression failed: corrupt input or insufficient space in destination buffer. Error code: 6
2026-09-27 22:27:19:urllib3.connectionpool        :_new_conn      :1062:DEBUG  :Starting new HTTPS connection (1): api.github.com:443
2026-09-27 22:27:19:utils.news                    :_writeID       :326:DEBUG  :Writing value 10241 for NEWS
2026-09-27 22:27:19:urllib3.connectionpool        :_make_request  :544:DEBUG  :https://api.github.com:443 "GET /repos/P3TERX/GeoLite.mmdb HTTP/1.1" 200 1379
2026-09-27 22:27:20:urllib3.connectionpool        :_make_request  :544:DEBUG  :https://api.github.com:443 "GET /repos/P3TERX/GeoLite.mmdb/releases/latest HTTP/1.1" 200 1186
2026-09-27 22:27:20:utils.news                    :_writeID       :326:DEBUG  :Writing value 1898 for CHANGELOG
2026-09-27 22:29:19:root                          :main           :281:INFO   :Starting up on 127.0.0.1:8008
2026-09-27 22:29:20:tools.blk_utils               :lz4_decompress_try:125:DEBUG  :Trying LZ4 be-size prefix; potential uncompressed size: 49023232
2026-09-27 22:29:20:tools.blk_utils               :lz4_decompress_try:128:DEBUG  :LZ4 be-size prefix decompression failed: Decompression failed: corrupt input or insufficient space in destination buffer. Error code: 6
2026-09-27 22:29:20:urllib3.connectionpool        :_new_conn      :1062:DEBUG  :Starting new HTTPS connection (1): api.github.com:443
2026-09-27 22:29:20:utils.news                    :_writeID       :326:DEBUG  :Writing value 10241 for NEWS
2026-09-27 22:29:20:urllib3.connectionpool        :_make_request  :544:DEBUG  :https://api.github.com:443 "GET /repos/P3TERX/GeoLite.mmdb HTTP/1.1" 200 1379
2026-09-27 22:29:20:python_multipart.multipart    :callback       :636:DEBUG  :Calling on_field_start with no data
2026-09-27 22:29:20:python_multipart.multipart    :callback       :633:DEBUG  :Calling on_field_name with data[0:5]
2026-09-27 22:29:20:python_multipart.multipart    :callback       :633:DEBUG  :Calling on_field_data with data[6:35]
2026-09-27 22:29:20:python_multipart.multipart    :callback       :636:DEBUG  :Calling on_field_end with no data
2026-09-27 22:29:20:python_multipart.multipart    :callback       :636:DEBUG  :Calling on_field_start with no data
2026-09-27 22:29:20:python_multipart.multipart    :callback       :633:DEBUG  :Calling on_field_name with data[36:44]
2026-09-27 22:29:20:python_multipart.multipart    :callback       :633:DEBUG  :Calling on_field_data with data[45:60]
2026-09-27 22:29:20:python_multipart.multipart    :callback       :636:DEBUG  :Calling on_field_end with no data
2026-09-27 22:29:20:python_multipart.multipart    :callback       :636:DEBUG  :Calling on_end with no data
2026-09-27 22:29:20:utils.news                    :_writeID       :326:DEBUG  :Writing value 1898 for CHANGELOG
2026-09-27 22:29:20:urllib3.connectionpool        :_make_request  :544:DEBUG  :https://api.github.com:443 "GET /repos/P3TERX/GeoLite.mmdb/releases/latest HTTP/1.1" 200 1401
2026-09-27 22:29:22:utils.auth                    :login          :455:DEBUG  :Overwriting old loginentry for legendaryevenweeb@gmail.com
