2026-09-20 17:49:16:root                          :main           :279:INFO   :Starting up on 127.0.0.1:8001
2026-09-20 17:49:16:tools.blk_utils               :lz4_decompress_try:125:DEBUG  :Trying LZ4 be-size prefix; potential uncompressed size: 49023232
2026-09-20 17:49:16:tools.blk_utils               :lz4_decompress_try:128:DEBUG  :LZ4 be-size prefix decompression failed: Decompression failed: corrupt input or insufficient space in destination buffer. Error code: 6
2026-09-20 17:49:16:urllib3.connectionpool        :_new_conn      :1062:DEBUG  :Starting new HTTPS connection (1): api.github.com:443
2026-09-20 17:49:17:urllib3.connectionpool        :_make_request  :544:DEBUG  :https://api.github.com:443 "GET /repos/P3TERX/GeoLite.mmdb HTTP/1.1" 200 1380
2026-09-20 17:49:17:urllib3.connectionpool        :_make_request  :544:DEBUG  :https://api.github.com:443 "GET /repos/P3TERX/GeoLite.mmdb/releases/latest HTTP/1.1" 200 1177
2026-09-20 17:49:17:utils.news                    :_writeID       :326:DEBUG  :Writing value 10237 for NEWS
2026-09-20 17:49:18:utils.news                    :_writeID       :326:DEBUG  :Writing value 1896 for CHANGELOG
2026-09-20 17:51:26:python_multipart.multipart    :callback       :636:DEBUG  :Calling on_field_start with no data
2026-09-20 17:51:26:python_multipart.multipart    :callback       :633:DEBUG  :Calling on_field_name with data[0:5]
2026-09-20 17:51:26:python_multipart.multipart    :callback       :633:DEBUG  :Calling on_field_data with data[6:31]
2026-09-20 17:51:26:python_multipart.multipart    :callback       :636:DEBUG  :Calling on_field_end with no data
2026-09-20 17:51:26:python_multipart.multipart    :callback       :636:DEBUG  :Calling on_field_start with no data
2026-09-20 17:51:26:python_multipart.multipart    :callback       :633:DEBUG  :Calling on_field_name with data[32:40]
2026-09-20 17:51:26:python_multipart.multipart    :callback       :633:DEBUG  :Calling on_field_data with data[41:53]
2026-09-20 17:51:26:python_multipart.multipart    :callback       :636:DEBUG  :Calling on_field_end with no data
2026-09-20 17:51:26:python_multipart.multipart    :callback       :636:DEBUG  :Calling on_end with no data
2026-09-20 17:51:26:utils.auth                    :login          :459:DEBUG  :Overwriting old loginentry for peckbotgaming@gmail.com
2026-09-20 17:52:02:python_multipart.multipart    :callback       :636:DEBUG  :Calling on_field_start with no data
2026-09-20 17:52:02:python_multipart.multipart    :callback       :633:DEBUG  :Calling on_field_name with data[0:8]
2026-09-20 17:52:02:python_multipart.multipart    :callback       :633:DEBUG  :Calling on_field_data with data[9:21]
2026-09-20 17:52:02:python_multipart.multipart    :callback       :636:DEBUG  :Calling on_field_end with no data
2026-09-20 17:52:02:python_multipart.multipart    :callback       :636:DEBUG  :Calling on_end with no data
2026-09-20 17:52:32:python_multipart.multipart    :callback       :636:DEBUG  :Calling on_field_start with no data
2026-09-20 17:52:32:python_multipart.multipart    :callback       :633:DEBUG  :Calling on_field_name with data[0:8]
2026-09-20 17:52:32:python_multipart.multipart    :callback       :633:DEBUG  :Calling on_field_data with data[9:21]
2026-09-20 17:52:32:python_multipart.multipart    :callback       :636:DEBUG  :Calling on_field_end with no data
2026-09-20 17:52:32:python_multipart.multipart    :callback       :636:DEBUG  :Calling on_end with no data
2026-09-20 17:53:54:root                          :main           :279:INFO   :Starting up on 127.0.0.1:8001
2026-09-20 17:53:55:tools.blk_utils               :lz4_decompress_try:125:DEBUG  :Trying LZ4 be-size prefix; potential uncompressed size: 49023232
2026-09-20 17:53:55:tools.blk_utils               :lz4_decompress_try:128:DEBUG  :LZ4 be-size prefix decompression failed: Decompression failed: corrupt input or insufficient space in destination buffer. Error code: 6
2026-09-20 17:53:55:urllib3.connectionpool        :_new_conn      :1062:DEBUG  :Starting new HTTPS connection (1): api.github.com:443
2026-09-20 17:53:55:urllib3.connectionpool        :_make_request  :544:DEBUG  :https://api.github.com:443 "GET /repos/P3TERX/GeoLite.mmdb HTTP/1.1" 200 1380
2026-09-20 17:53:55:urllib3.connectionpool        :_make_request  :544:DEBUG  :https://api.github.com:443 "GET /repos/P3TERX/GeoLite.mmdb/releases/latest HTTP/1.1" 200 1184
2026-09-20 17:53:56:utils.news                    :_writeID       :326:DEBUG  :Writing value 10237 for NEWS
2026-09-20 17:53:56:utils.news                    :_writeID       :326:DEBUG  :Writing value 1896 for CHANGELOG
2026-09-20 17:53:58:python_multipart.multipart    :callback       :636:DEBUG  :Calling on_field_start with no data
2026-09-20 17:53:58:python_multipart.multipart    :callback       :633:DEBUG  :Calling on_field_name with data[0:8]
2026-09-20 17:53:58:python_multipart.multipart    :callback       :633:DEBUG  :Calling on_field_data with data[9:21]
2026-09-20 17:53:58:python_multipart.multipart    :callback       :636:DEBUG  :Calling on_field_end with no data
2026-09-20 17:53:58:python_multipart.multipart    :callback       :636:DEBUG  :Calling on_end with no data
2026-09-20 17:54:10:root                          :main           :279:INFO   :Starting up on 127.0.0.1:8001
2026-09-20 17:54:10:tools.blk_utils               :lz4_decompress_try:125:DEBUG  :Trying LZ4 be-size prefix; potential uncompressed size: 49023232
2026-09-20 17:54:10:tools.blk_utils               :lz4_decompress_try:128:DEBUG  :LZ4 be-size prefix decompression failed: Decompression failed: corrupt input or insufficient space in destination buffer. Error code: 6
2026-09-20 17:54:10:urllib3.connectionpool        :_new_conn      :1062:DEBUG  :Starting new HTTPS connection (1): api.github.com:443
2026-09-20 17:54:10:urllib3.connectionpool        :_make_request  :544:DEBUG  :https://api.github.com:443 "GET /repos/P3TERX/GeoLite.mmdb HTTP/1.1" 200 1380
2026-09-20 17:54:11:urllib3.connectionpool        :_make_request  :544:DEBUG  :https://api.github.com:443 "GET /repos/P3TERX/GeoLite.mmdb/releases/latest HTTP/1.1" 200 1184
2026-09-20 17:54:11:utils.news                    :_writeID       :326:DEBUG  :Writing value 10237 for NEWS
2026-09-20 17:54:11:utils.news                    :_writeID       :326:DEBUG  :Writing value 1896 for CHANGELOG
2026-09-20 17:54:22:python_multipart.multipart    :callback       :636:DEBUG  :Calling on_field_start with no data
2026-09-20 17:54:22:python_multipart.multipart    :callback       :633:DEBUG  :Calling on_field_name with data[0:8]
2026-09-20 17:54:22:python_multipart.multipart    :callback       :633:DEBUG  :Calling on_field_data with data[9:21]
2026-09-20 17:54:22:python_multipart.multipart    :callback       :636:DEBUG  :Calling on_field_end with no data
2026-09-20 17:54:22:python_multipart.multipart    :callback       :636:DEBUG  :Calling on_end with no data
2026-09-20 17:56:42:root                          :main           :279:INFO   :Starting up on 127.0.0.1:8001
2026-09-20 17:56:42:tools.blk_utils               :lz4_decompress_try:125:DEBUG  :Trying LZ4 be-size prefix; potential uncompressed size: 49023232
2026-09-20 17:56:42:tools.blk_utils               :lz4_decompress_try:128:DEBUG  :LZ4 be-size prefix decompression failed: Decompression failed: corrupt input or insufficient space in destination buffer. Error code: 6
2026-09-20 17:56:42:urllib3.connectionpool        :_new_conn      :1062:DEBUG  :Starting new HTTPS connection (1): api.github.com:443
2026-09-20 17:56:42:urllib3.connectionpool        :_make_request  :544:DEBUG  :https://api.github.com:443 "GET /repos/P3TERX/GeoLite.mmdb HTTP/1.1" 200 1380
2026-09-20 17:56:43:urllib3.connectionpool        :_make_request  :544:DEBUG  :https://api.github.com:443 "GET /repos/P3TERX/GeoLite.mmdb/releases/latest HTTP/1.1" 200 1184
2026-09-20 17:56:43:utils.news                    :_writeID       :326:DEBUG  :Writing value 10237 for NEWS
2026-09-20 17:56:43:utils.news                    :_writeID       :326:DEBUG  :Writing value 1896 for CHANGELOG
2026-09-20 17:58:12:root                          :main           :279:INFO   :Starting up on 127.0.0.1:8001
2026-09-20 17:58:12:tools.blk_utils               :lz4_decompress_try:125:DEBUG  :Trying LZ4 be-size prefix; potential uncompressed size: 49023232
2026-09-20 17:58:12:tools.blk_utils               :lz4_decompress_try:128:DEBUG  :LZ4 be-size prefix decompression failed: Decompression failed: corrupt input or insufficient space in destination buffer. Error code: 6
2026-09-20 17:58:12:urllib3.connectionpool        :_new_conn      :1062:DEBUG  :Starting new HTTPS connection (1): api.github.com:443
2026-09-20 17:58:13:urllib3.connectionpool        :_make_request  :544:DEBUG  :https://api.github.com:443 "GET /repos/P3TERX/GeoLite.mmdb HTTP/1.1" 200 1380
2026-09-20 17:58:13:urllib3.connectionpool        :_make_request  :544:DEBUG  :https://api.github.com:443 "GET /repos/P3TERX/GeoLite.mmdb/releases/latest HTTP/1.1" 200 1184
2026-09-20 17:58:13:utils.news                    :_writeID       :326:DEBUG  :Writing value 10237 for NEWS
2026-09-20 17:58:14:utils.news                    :_writeID       :326:DEBUG  :Writing value 1896 for CHANGELOG
2026-09-20 17:59:44:root                          :main           :279:INFO   :Starting up on 127.0.0.1:8001
2026-09-20 17:59:45:tools.blk_utils               :lz4_decompress_try:125:DEBUG  :Trying LZ4 be-size prefix; potential uncompressed size: 49023232
2026-09-20 17:59:45:tools.blk_utils               :lz4_decompress_try:128:DEBUG  :LZ4 be-size prefix decompression failed: Decompression failed: corrupt input or insufficient space in destination buffer. Error code: 6
2026-09-20 17:59:45:urllib3.connectionpool        :_new_conn      :1062:DEBUG  :Starting new HTTPS connection (1): api.github.com:443
2026-09-20 17:59:45:urllib3.connectionpool        :_make_request  :544:DEBUG  :https://api.github.com:443 "GET /repos/P3TERX/GeoLite.mmdb HTTP/1.1" 200 1380
2026-09-20 17:59:45:urllib3.connectionpool        :_make_request  :544:DEBUG  :https://api.github.com:443 "GET /repos/P3TERX/GeoLite.mmdb/releases/latest HTTP/1.1" 200 1184
2026-09-20 17:59:46:utils.news                    :_writeID       :326:DEBUG  :Writing value 10237 for NEWS
2026-09-20 17:59:46:utils.news                    :_writeID       :326:DEBUG  :Writing value 1896 for CHANGELOG
2026-09-20 17:59:53:tools.blk_utils               :lz4_decompress_try:125:DEBUG  :Trying LZ4 marker+size; potential uncompressed size: 327922
2026-09-20 18:09:44:utils.auth                    :refresh        :202:DEBUG  :Refreshing entry for peckbotgaming@gmail.com
2026-09-20 18:09:45:utils.auth                    :remove_entry   :597:DEBUG  :Removed entry peckbotgaming@gmail.com
2026-09-20 18:29:47:utils.news                    :_writeID       :326:DEBUG  :Writing value 10237 for NEWS
2026-09-20 18:29:47:utils.news                    :_writeID       :326:DEBUG  :Writing value 1896 for CHANGELOG
2026-09-20 18:59:47:utils.news                    :_writeID       :326:DEBUG  :Writing value 10237 for NEWS
2026-09-20 18:59:48:utils.news                    :_writeID       :326:DEBUG  :Writing value 1896 for CHANGELOG
2026-09-20 19:29:48:utils.news                    :_writeID       :326:DEBUG  :Writing value 10237 for NEWS
2026-09-20 19:29:49:utils.news                    :_writeID       :326:DEBUG  :Writing value 1896 for CHANGELOG
2026-09-20 19:59:49:utils.news                    :_writeID       :326:DEBUG  :Writing value 10237 for NEWS
2026-09-20 19:59:49:utils.news                    :_writeID       :326:DEBUG  :Writing value 1896 for CHANGELOG
2026-09-20 20:29:50:utils.news                    :_writeID       :326:DEBUG  :Writing value 10237 for NEWS
2026-09-20 20:29:50:utils.news                    :_writeID       :326:DEBUG  :Writing value 1896 for CHANGELOG
2026-09-20 20:54:00:python_multipart.multipart    :callback       :636:DEBUG  :Calling on_field_start with no data
2026-09-20 20:54:00:python_multipart.multipart    :callback       :633:DEBUG  :Calling on_field_name with data[0:5]
2026-09-20 20:54:00:python_multipart.multipart    :callback       :633:DEBUG  :Calling on_field_data with data[6:35]
2026-09-20 20:54:00:python_multipart.multipart    :callback       :636:DEBUG  :Calling on_field_end with no data
2026-09-20 20:54:00:python_multipart.multipart    :callback       :636:DEBUG  :Calling on_field_start with no data
2026-09-20 20:54:00:python_multipart.multipart    :callback       :633:DEBUG  :Calling on_field_name with data[36:44]
2026-09-20 20:54:00:python_multipart.multipart    :callback       :633:DEBUG  :Calling on_field_data with data[45:60]
2026-09-20 20:54:00:python_multipart.multipart    :callback       :636:DEBUG  :Calling on_field_end with no data
2026-09-20 20:54:00:python_multipart.multipart    :callback       :636:DEBUG  :Calling on_end with no data
2026-09-20 20:59:44:utils.auth                    :refresh        :202:DEBUG  :Refreshing entry for legendaryevenweeb@gmail.com
2026-09-20 20:59:45:utils.auth                    :remove_entry   :597:DEBUG  :Removed entry legendaryevenweeb@gmail.com
2026-09-20 20:59:51:utils.news                    :_writeID       :326:DEBUG  :Writing value 10237 for NEWS
2026-09-20 20:59:51:utils.news                    :_writeID       :326:DEBUG  :Writing value 1896 for CHANGELOG
2026-09-20 21:01:32:root                          :main           :281:INFO   :Starting up on 127.0.0.1:8001
2026-09-20 21:01:32:tools.blk_utils               :lz4_decompress_try:125:DEBUG  :Trying LZ4 be-size prefix; potential uncompressed size: 49023232
2026-09-20 21:01:32:tools.blk_utils               :lz4_decompress_try:128:DEBUG  :LZ4 be-size prefix decompression failed: Decompression failed: corrupt input or insufficient space in destination buffer. Error code: 6
2026-09-20 21:01:32:urllib3.connectionpool        :_new_conn      :1062:DEBUG  :Starting new HTTPS connection (1): api.github.com:443
2026-09-20 21:01:33:utils.news                    :_writeID       :326:DEBUG  :Writing value 10237 for NEWS
2026-09-20 21:01:33:urllib3.connectionpool        :_make_request  :544:DEBUG  :https://api.github.com:443 "GET /repos/P3TERX/GeoLite.mmdb HTTP/1.1" 200 1380
2026-09-20 21:01:33:utils.news                    :_writeID       :326:DEBUG  :Writing value 1896 for CHANGELOG
2026-09-20 21:01:33:urllib3.connectionpool        :_make_request  :544:DEBUG  :https://api.github.com:443 "GET /repos/P3TERX/GeoLite.mmdb/releases/latest HTTP/1.1" 200 1176
2026-09-20 21:02:02:python_multipart.multipart    :callback       :636:DEBUG  :Calling on_field_start with no data
2026-09-20 21:02:02:python_multipart.multipart    :callback       :633:DEBUG  :Calling on_field_name with data[0:5]
2026-09-20 21:02:02:python_multipart.multipart    :callback       :633:DEBUG  :Calling on_field_data with data[6:35]
2026-09-20 21:02:02:python_multipart.multipart    :callback       :636:DEBUG  :Calling on_field_end with no data
2026-09-20 21:02:02:python_multipart.multipart    :callback       :636:DEBUG  :Calling on_field_start with no data
2026-09-20 21:02:02:python_multipart.multipart    :callback       :633:DEBUG  :Calling on_field_name with data[36:44]
2026-09-20 21:02:02:python_multipart.multipart    :callback       :633:DEBUG  :Calling on_field_data with data[45:60]
2026-09-20 21:02:02:python_multipart.multipart    :callback       :636:DEBUG  :Calling on_field_end with no data
2026-09-20 21:02:02:python_multipart.multipart    :callback       :636:DEBUG  :Calling on_end with no data
2026-09-20 21:11:32:utils.auth                    :refresh        :202:DEBUG  :Refreshing entry for legendaryevenweeb@gmail.com
2026-09-20 21:11:32:utils.auth                    :remove_entry   :597:DEBUG  :Removed entry legendaryevenweeb@gmail.com
2026-09-20 21:12:01:root                          :main           :281:INFO   :Starting up on 127.0.0.1:8001
2026-09-20 21:12:01:tools.blk_utils               :lz4_decompress_try:125:DEBUG  :Trying LZ4 be-size prefix; potential uncompressed size: 49023232
2026-09-20 21:12:01:tools.blk_utils               :lz4_decompress_try:128:DEBUG  :LZ4 be-size prefix decompression failed: Decompression failed: corrupt input or insufficient space in destination buffer. Error code: 6
2026-09-20 21:12:01:urllib3.connectionpool        :_new_conn      :1062:DEBUG  :Starting new HTTPS connection (1): api.github.com:443
2026-09-20 21:12:02:urllib3.connectionpool        :_make_request  :544:DEBUG  :https://api.github.com:443 "GET /repos/P3TERX/GeoLite.mmdb HTTP/1.1" 200 1380
2026-09-20 21:12:02:utils.news                    :_writeID       :326:DEBUG  :Writing value 10237 for NEWS
2026-09-20 21:12:02:urllib3.connectionpool        :_make_request  :544:DEBUG  :https://api.github.com:443 "GET /repos/P3TERX/GeoLite.mmdb/releases/latest HTTP/1.1" 200 1173
2026-09-20 21:12:02:utils.news                    :_writeID       :326:DEBUG  :Writing value 1896 for CHANGELOG
2026-09-20 21:18:51:root                          :main           :281:INFO   :Starting up on 127.0.0.1:8001
2026-09-20 21:18:51:tools.blk_utils               :lz4_decompress_try:125:DEBUG  :Trying LZ4 be-size prefix; potential uncompressed size: 49023232
2026-09-20 21:18:51:tools.blk_utils               :lz4_decompress_try:128:DEBUG  :LZ4 be-size prefix decompression failed: Decompression failed: corrupt input or insufficient space in destination buffer. Error code: 6
2026-09-20 21:18:51:urllib3.connectionpool        :_new_conn      :1062:DEBUG  :Starting new HTTPS connection (1): api.github.com:443
2026-09-20 21:18:52:utils.news                    :_writeID       :326:DEBUG  :Writing value 10237 for NEWS
2026-09-20 21:18:52:urllib3.connectionpool        :_make_request  :544:DEBUG  :https://api.github.com:443 "GET /repos/P3TERX/GeoLite.mmdb HTTP/1.1" 200 1380
2026-09-20 21:18:52:utils.news                    :_writeID       :326:DEBUG  :Writing value 1896 for CHANGELOG
2026-09-20 21:18:52:urllib3.connectionpool        :_make_request  :544:DEBUG  :https://api.github.com:443 "GET /repos/P3TERX/GeoLite.mmdb/releases/latest HTTP/1.1" 200 1173
2026-09-20 21:19:04:root                          :main           :281:INFO   :Starting up on 127.0.0.1:8001
2026-09-20 21:19:04:tools.blk_utils               :lz4_decompress_try:125:DEBUG  :Trying LZ4 be-size prefix; potential uncompressed size: 49023232
2026-09-20 21:19:04:tools.blk_utils               :lz4_decompress_try:128:DEBUG  :LZ4 be-size prefix decompression failed: Decompression failed: corrupt input or insufficient space in destination buffer. Error code: 6
2026-09-20 21:19:04:urllib3.connectionpool        :_new_conn      :1062:DEBUG  :Starting new HTTPS connection (1): api.github.com:443
2026-09-20 21:19:04:urllib3.connectionpool        :_make_request  :544:DEBUG  :https://api.github.com:443 "GET /repos/P3TERX/GeoLite.mmdb HTTP/1.1" 200 1380
2026-09-20 21:19:04:utils.news                    :_writeID       :326:DEBUG  :Writing value 10237 for NEWS
2026-09-20 21:19:05:urllib3.connectionpool        :_make_request  :544:DEBUG  :https://api.github.com:443 "GET /repos/P3TERX/GeoLite.mmdb/releases/latest HTTP/1.1" 200 1173
2026-09-20 21:19:05:utils.news                    :_writeID       :326:DEBUG  :Writing value 1896 for CHANGELOG
2026-09-20 21:19:13:python_multipart.multipart    :callback       :636:DEBUG  :Calling on_field_start with no data
2026-09-20 21:19:13:python_multipart.multipart    :callback       :633:DEBUG  :Calling on_field_name with data[0:5]
2026-09-20 21:19:13:python_multipart.multipart    :callback       :633:DEBUG  :Calling on_field_data with data[6:35]
2026-09-20 21:19:13:python_multipart.multipart    :callback       :636:DEBUG  :Calling on_field_end with no data
2026-09-20 21:19:13:python_multipart.multipart    :callback       :636:DEBUG  :Calling on_field_start with no data
2026-09-20 21:19:13:python_multipart.multipart    :callback       :633:DEBUG  :Calling on_field_name with data[36:44]
2026-09-20 21:19:13:python_multipart.multipart    :callback       :633:DEBUG  :Calling on_field_data with data[45:60]
2026-09-20 21:19:13:python_multipart.multipart    :callback       :636:DEBUG  :Calling on_field_end with no data
2026-09-20 21:19:13:python_multipart.multipart    :callback       :636:DEBUG  :Calling on_end with no data
2026-09-20 21:19:37:python_multipart.multipart    :callback       :636:DEBUG  :Calling on_field_start with no data
2026-09-20 21:19:37:python_multipart.multipart    :callback       :633:DEBUG  :Calling on_field_name with data[0:5]
2026-09-20 21:19:37:python_multipart.multipart    :callback       :633:DEBUG  :Calling on_field_data with data[6:35]
2026-09-20 21:19:37:python_multipart.multipart    :callback       :636:DEBUG  :Calling on_field_end with no data
2026-09-20 21:19:37:python_multipart.multipart    :callback       :636:DEBUG  :Calling on_field_start with no data
2026-09-20 21:19:37:python_multipart.multipart    :callback       :633:DEBUG  :Calling on_field_name with data[36:44]
2026-09-20 21:19:37:python_multipart.multipart    :callback       :633:DEBUG  :Calling on_field_data with data[45:60]
2026-09-20 21:19:37:python_multipart.multipart    :callback       :636:DEBUG  :Calling on_field_end with no data
2026-09-20 21:19:37:python_multipart.multipart    :callback       :636:DEBUG  :Calling on_end with no data
2026-09-20 21:20:00:root                          :main           :281:INFO   :Starting up on 127.0.0.1:8001
2026-09-20 21:20:02:tools.blk_utils               :lz4_decompress_try:125:DEBUG  :Trying LZ4 be-size prefix; potential uncompressed size: 49023232
2026-09-20 21:20:02:tools.blk_utils               :lz4_decompress_try:128:DEBUG  :LZ4 be-size prefix decompression failed: Decompression failed: corrupt input or insufficient space in destination buffer. Error code: 6
2026-09-20 21:20:02:urllib3.connectionpool        :_new_conn      :1062:DEBUG  :Starting new HTTPS connection (1): api.github.com:443
2026-09-20 21:20:02:utils.news                    :_writeID       :326:DEBUG  :Writing value 10237 for NEWS
2026-09-20 21:20:02:urllib3.connectionpool        :_make_request  :544:DEBUG  :https://api.github.com:443 "GET /repos/P3TERX/GeoLite.mmdb HTTP/1.1" 200 1380
2026-09-20 21:20:03:utils.news                    :_writeID       :326:DEBUG  :Writing value 1896 for CHANGELOG
2026-09-20 21:20:03:urllib3.connectionpool        :_make_request  :544:DEBUG  :https://api.github.com:443 "GET /repos/P3TERX/GeoLite.mmdb/releases/latest HTTP/1.1" 200 1173
2026-09-20 21:20:03:python_multipart.multipart    :callback       :636:DEBUG  :Calling on_field_start with no data
2026-09-20 21:20:03:python_multipart.multipart    :callback       :633:DEBUG  :Calling on_field_name with data[0:5]
2026-09-20 21:20:03:python_multipart.multipart    :callback       :633:DEBUG  :Calling on_field_data with data[6:35]
2026-09-20 21:20:03:python_multipart.multipart    :callback       :636:DEBUG  :Calling on_field_end with no data
2026-09-20 21:20:03:python_multipart.multipart    :callback       :636:DEBUG  :Calling on_field_start with no data
2026-09-20 21:20:03:python_multipart.multipart    :callback       :633:DEBUG  :Calling on_field_name with data[36:44]
2026-09-20 21:20:03:python_multipart.multipart    :callback       :633:DEBUG  :Calling on_field_data with data[45:60]
2026-09-20 21:20:03:python_multipart.multipart    :callback       :636:DEBUG  :Calling on_field_end with no data
2026-09-20 21:20:03:python_multipart.multipart    :callback       :636:DEBUG  :Calling on_end with no data
2026-09-20 21:20:30:root                          :main           :281:INFO   :Starting up on 127.0.0.1:8001
2026-09-20 21:20:32:tools.blk_utils               :lz4_decompress_try:125:DEBUG  :Trying LZ4 be-size prefix; potential uncompressed size: 49023232
2026-09-20 21:20:32:tools.blk_utils               :lz4_decompress_try:128:DEBUG  :LZ4 be-size prefix decompression failed: Decompression failed: corrupt input or insufficient space in destination buffer. Error code: 6
2026-09-20 21:20:32:urllib3.connectionpool        :_new_conn      :1062:DEBUG  :Starting new HTTPS connection (1): api.github.com:443
2026-09-20 21:20:32:urllib3.connectionpool        :_make_request  :544:DEBUG  :https://api.github.com:443 "GET /repos/P3TERX/GeoLite.mmdb HTTP/1.1" 200 1380
2026-09-20 21:20:32:utils.news                    :_writeID       :326:DEBUG  :Writing value 10237 for NEWS
2026-09-20 21:20:32:urllib3.connectionpool        :_make_request  :544:DEBUG  :https://api.github.com:443 "GET /repos/P3TERX/GeoLite.mmdb/releases/latest HTTP/1.1" 200 1173
2026-09-20 21:20:33:utils.news                    :_writeID       :326:DEBUG  :Writing value 1896 for CHANGELOG
2026-09-20 21:20:36:python_multipart.multipart    :callback       :636:DEBUG  :Calling on_field_start with no data
2026-09-20 21:20:36:python_multipart.multipart    :callback       :633:DEBUG  :Calling on_field_name with data[0:5]
2026-09-20 21:20:36:python_multipart.multipart    :callback       :633:DEBUG  :Calling on_field_data with data[6:35]
2026-09-20 21:20:36:python_multipart.multipart    :callback       :636:DEBUG  :Calling on_field_end with no data
2026-09-20 21:20:36:python_multipart.multipart    :callback       :636:DEBUG  :Calling on_field_start with no data
2026-09-20 21:20:36:python_multipart.multipart    :callback       :633:DEBUG  :Calling on_field_name with data[36:44]
2026-09-20 21:20:36:python_multipart.multipart    :callback       :633:DEBUG  :Calling on_field_data with data[45:60]
2026-09-20 21:20:36:python_multipart.multipart    :callback       :636:DEBUG  :Calling on_field_end with no data
2026-09-20 21:20:36:python_multipart.multipart    :callback       :636:DEBUG  :Calling on_end with no data
2026-09-20 21:24:11:root                          :main           :281:INFO   :Starting up on 127.0.0.1:8001
2026-09-20 21:24:12:tools.blk_utils               :lz4_decompress_try:125:DEBUG  :Trying LZ4 be-size prefix; potential uncompressed size: 49023232
2026-09-20 21:24:12:tools.blk_utils               :lz4_decompress_try:128:DEBUG  :LZ4 be-size prefix decompression failed: Decompression failed: corrupt input or insufficient space in destination buffer. Error code: 6
2026-09-20 21:24:12:urllib3.connectionpool        :_new_conn      :1062:DEBUG  :Starting new HTTPS connection (1): api.github.com:443
2026-09-20 21:24:12:utils.news                    :_writeID       :326:DEBUG  :Writing value 10237 for NEWS
2026-09-20 21:24:12:urllib3.connectionpool        :_make_request  :544:DEBUG  :https://api.github.com:443 "GET /repos/P3TERX/GeoLite.mmdb HTTP/1.1" 200 1380
2026-09-20 21:24:13:utils.news                    :_writeID       :326:DEBUG  :Writing value 1896 for CHANGELOG
2026-09-20 21:24:13:urllib3.connectionpool        :_make_request  :544:DEBUG  :https://api.github.com:443 "GET /repos/P3TERX/GeoLite.mmdb/releases/latest HTTP/1.1" 200 1178
2026-09-20 21:24:14:python_multipart.multipart    :callback       :636:DEBUG  :Calling on_field_start with no data
2026-09-20 21:24:14:python_multipart.multipart    :callback       :633:DEBUG  :Calling on_field_name with data[0:5]
2026-09-20 21:24:14:python_multipart.multipart    :callback       :633:DEBUG  :Calling on_field_data with data[6:35]
2026-09-20 21:24:14:python_multipart.multipart    :callback       :636:DEBUG  :Calling on_field_end with no data
2026-09-20 21:24:14:python_multipart.multipart    :callback       :636:DEBUG  :Calling on_field_start with no data
2026-09-20 21:24:14:python_multipart.multipart    :callback       :633:DEBUG  :Calling on_field_name with data[36:44]
2026-09-20 21:24:14:python_multipart.multipart    :callback       :633:DEBUG  :Calling on_field_data with data[45:60]
2026-09-20 21:24:14:python_multipart.multipart    :callback       :636:DEBUG  :Calling on_field_end with no data
2026-09-20 21:24:14:python_multipart.multipart    :callback       :636:DEBUG  :Calling on_end with no data
2026-09-20 21:27:16:python_multipart.multipart    :callback       :636:DEBUG  :Calling on_field_start with no data
2026-09-20 21:27:16:python_multipart.multipart    :callback       :633:DEBUG  :Calling on_field_name with data[0:5]
2026-09-20 21:27:16:python_multipart.multipart    :callback       :633:DEBUG  :Calling on_field_data with data[6:35]
2026-09-20 21:27:16:python_multipart.multipart    :callback       :636:DEBUG  :Calling on_field_end with no data
2026-09-20 21:27:16:python_multipart.multipart    :callback       :636:DEBUG  :Calling on_field_start with no data
2026-09-20 21:27:16:python_multipart.multipart    :callback       :633:DEBUG  :Calling on_field_name with data[36:44]
2026-09-20 21:27:16:python_multipart.multipart    :callback       :633:DEBUG  :Calling on_field_data with data[45:60]
2026-09-20 21:27:16:python_multipart.multipart    :callback       :636:DEBUG  :Calling on_field_end with no data
2026-09-20 21:27:16:python_multipart.multipart    :callback       :636:DEBUG  :Calling on_end with no data
2026-09-20 21:27:51:python_multipart.multipart    :callback       :636:DEBUG  :Calling on_field_start with no data
2026-09-20 21:27:51:python_multipart.multipart    :callback       :633:DEBUG  :Calling on_field_name with data[0:5]
2026-09-20 21:27:51:python_multipart.multipart    :callback       :633:DEBUG  :Calling on_field_data with data[6:35]
2026-09-20 21:27:51:python_multipart.multipart    :callback       :636:DEBUG  :Calling on_field_end with no data
2026-09-20 21:27:51:python_multipart.multipart    :callback       :636:DEBUG  :Calling on_field_start with no data
2026-09-20 21:27:51:python_multipart.multipart    :callback       :633:DEBUG  :Calling on_field_name with data[36:44]
2026-09-20 21:27:51:python_multipart.multipart    :callback       :633:DEBUG  :Calling on_field_data with data[45:60]
2026-09-20 21:27:51:python_multipart.multipart    :callback       :636:DEBUG  :Calling on_field_end with no data
2026-09-20 21:27:51:python_multipart.multipart    :callback       :636:DEBUG  :Calling on_end with no data
2026-09-20 21:54:14:utils.news                    :_writeID       :326:DEBUG  :Writing value 10237 for NEWS
2026-09-20 21:54:14:utils.news                    :_writeID       :326:DEBUG  :Writing value 1896 for CHANGELOG
