2026-09-19 18:53:54:root                          :main           :254:INFO   :Starting up on 127.0.0.1:8001
2026-09-19 18:53:54:urllib3.connectionpool        :_new_conn      :1062:DEBUG  :Starting new HTTPS connection (1): api.github.com:443
2026-09-19 18:53:54:urllib3.connectionpool        :_make_request  :544:DEBUG  :https://api.github.com:443 "GET /repos/P3TERX/GeoLite.mmdb HTTP/1.1" 200 1379
2026-09-19 18:53:55:urllib3.connectionpool        :_make_request  :544:DEBUG  :https://api.github.com:443 "GET /repos/P3TERX/GeoLite.mmdb/releases/latest HTTP/1.1" 200 1173
2026-09-19 18:53:55:utils.news                    :_writeID       :323:DEBUG  :Writing value 10237 for NEWS
2026-09-19 18:53:55:utils.news                    :mainloop       :156:DEBUG  :News have been posted since last check
2026-09-19 18:53:55:urllib3.connectionpool        :_make_request  :544:DEBUG  :https://api.github.com:443 "GET /repos/P3TERX/GeoLite.mmdb/releases/assets/574155502 HTTP/1.1" 302 0
2026-09-19 18:53:55:urllib3.connectionpool        :_new_conn      :1062:DEBUG  :Starting new HTTPS connection (1): release-assets.githubusercontent.com:443
2026-09-19 18:53:55:urllib3.connectionpool        :_make_request  :544:DEBUG  :https://release-assets.githubusercontent.com:443 "GET /github-production-release-asset/249855791/916d7bd9-12ad-4548-be03-75123319f626?sp=r&sv=2018-11-09&sr=b&spr=https&se=2026-09-19T17%3A52%3A56Z&rscd=attachment%3B+filename%3DGeoLite2-City.mmdb&rsct=application%2Foctet-stream&skoid=96c2d410-5711-43a1-aedd-ab1947aa7ab0&sktid=398a6654-997b-47e9-b12b-9515b896b4de&skt=2026-09-19T16%3A52%3A22Z&ske=2026-09-19T17%3A52%3A56Z&sks=b&skv=2018-11-09&sig=97%2FBeSJe6Zl7VSDJUxJaGsDE7fazzV4B1zCvdK5VKEQ%3D&jwt=eyJ0eXAiOiJKV1QiLCJhbGciOiJIUzI1NiJ9.eyJpc3MiOiJnaXRodWIuY29tIiwiYXVkIjoicmVsZWFzZS1hc3NldHMuZ2l0aHVidXNlcmNvbnRlbnQuY29tIiwia2V5Ijoia2V5MSIsImV4cCI6MTc4OTgzODYzNSwibmJmIjoxNzg5ODM2ODM1LCJwYXRoIjoicmVsZWFzZWFzc2V0cHJvZHVjdGlvbi5ibG9iLmNvcmUud2luZG93cy5uZXQifQ.0IXjaQB0qG7d7doRFRYQQaFykwyq_OMXjizz1pnGapA&response-content-disposition=attachment%3B%20filename%3DGeoLite2-City.mmdb&response-content-type=application%2Foctet-stream HTTP/1.1" 200 65886987
2026-09-19 18:53:55:utils.news                    :_writeID       :323:DEBUG  :Writing value 1896 for CHANGELOG
2026-09-19 18:53:55:utils.news                    :mainloop       :169:DEBUG  :Changelogs have been posted since last check
2026-09-19 18:54:08:python_multipart.multipart    :callback       :636:DEBUG  :Calling on_field_start with no data
2026-09-19 18:54:08:python_multipart.multipart    :callback       :633:DEBUG  :Calling on_field_name with data[0:5]
2026-09-19 18:54:08:python_multipart.multipart    :callback       :633:DEBUG  :Calling on_field_data with data[6:31]
2026-09-19 18:54:08:python_multipart.multipart    :callback       :636:DEBUG  :Calling on_field_end with no data
2026-09-19 18:54:08:python_multipart.multipart    :callback       :636:DEBUG  :Calling on_field_start with no data
2026-09-19 18:54:08:python_multipart.multipart    :callback       :633:DEBUG  :Calling on_field_name with data[32:40]
2026-09-19 18:54:08:python_multipart.multipart    :callback       :633:DEBUG  :Calling on_field_data with data[41:53]
2026-09-19 18:54:08:python_multipart.multipart    :callback       :636:DEBUG  :Calling on_field_end with no data
2026-09-19 18:54:08:python_multipart.multipart    :callback       :636:DEBUG  :Calling on_end with no data
2026-09-19 18:54:34:tools.blk_utils               :lz4_decompress_try:125:DEBUG  :Trying LZ4 marker+size; potential uncompressed size: 265051
2026-09-19 18:57:46:tools.blk_utils               :lz4_decompress_try:125:DEBUG  :Trying LZ4 marker+size; potential uncompressed size: 265193
2026-09-19 19:00:03:root                          :main           :260:INFO   :Shutting down
2026-09-19 19:00:06:root                          :main           :254:INFO   :Starting up on 127.0.0.1:8001
2026-09-19 19:00:06:urllib3.connectionpool        :_new_conn      :1062:DEBUG  :Starting new HTTPS connection (1): api.github.com:443
2026-09-19 19:00:07:urllib3.connectionpool        :_make_request  :544:DEBUG  :https://api.github.com:443 "GET /repos/P3TERX/GeoLite.mmdb HTTP/1.1" 200 None
2026-09-19 19:00:07:urllib3.connectionpool        :_make_request  :544:DEBUG  :https://api.github.com:443 "GET /repos/P3TERX/GeoLite.mmdb/releases/latest HTTP/1.1" 200 1173
2026-09-19 19:00:07:utils.news                    :_writeID       :323:DEBUG  :Writing value 10237 for NEWS
2026-09-19 19:00:08:utils.news                    :_writeID       :323:DEBUG  :Writing value 1896 for CHANGELOG
2026-09-19 19:00:43:tools.blk_utils               :lz4_decompress_try:125:DEBUG  :Trying LZ4 marker+size; potential uncompressed size: 265426
2026-09-19 19:01:02:python_multipart.multipart    :callback       :636:DEBUG  :Calling on_field_start with no data
2026-09-19 19:01:02:python_multipart.multipart    :callback       :633:DEBUG  :Calling on_field_name with data[0:5]
2026-09-19 19:01:02:python_multipart.multipart    :callback       :633:DEBUG  :Calling on_field_data with data[6:35]
2026-09-19 19:01:02:python_multipart.multipart    :callback       :636:DEBUG  :Calling on_field_end with no data
2026-09-19 19:01:02:python_multipart.multipart    :callback       :636:DEBUG  :Calling on_field_start with no data
2026-09-19 19:01:02:python_multipart.multipart    :callback       :633:DEBUG  :Calling on_field_name with data[36:44]
2026-09-19 19:01:02:python_multipart.multipart    :callback       :633:DEBUG  :Calling on_field_data with data[45:60]
2026-09-19 19:01:02:python_multipart.multipart    :callback       :636:DEBUG  :Calling on_field_end with no data
2026-09-19 19:01:02:python_multipart.multipart    :callback       :636:DEBUG  :Calling on_end with no data
2026-09-19 19:01:30:tools.blk_utils               :lz4_decompress_try:125:DEBUG  :Trying LZ4 marker+size; potential uncompressed size: 23072
2026-09-19 19:07:17:root                          :main           :260:INFO   :Shutting down
2026-09-19 19:07:21:root                          :main           :254:INFO   :Starting up on 127.0.0.1:8001
2026-09-19 19:07:21:urllib3.connectionpool        :_new_conn      :1062:DEBUG  :Starting new HTTPS connection (1): api.github.com:443
2026-09-19 19:07:21:urllib3.connectionpool        :_make_request  :544:DEBUG  :https://api.github.com:443 "GET /repos/P3TERX/GeoLite.mmdb HTTP/1.1" 200 1379
2026-09-19 19:07:22:urllib3.connectionpool        :_make_request  :544:DEBUG  :https://api.github.com:443 "GET /repos/P3TERX/GeoLite.mmdb/releases/latest HTTP/1.1" 200 1174
2026-09-19 19:07:22:utils.news                    :_writeID       :323:DEBUG  :Writing value 10237 for NEWS
2026-09-19 19:07:23:utils.news                    :_writeID       :323:DEBUG  :Writing value 1896 for CHANGELOG
2026-09-19 19:07:37:tools.blk_utils               :lz4_decompress_try:125:DEBUG  :Trying LZ4 marker+size; potential uncompressed size: 367
2026-09-19 19:07:37:tools.blk_utils               :lz4_decompress_try:125:DEBUG  :Trying LZ4 marker+size; potential uncompressed size: 9950
2026-09-19 19:09:11:tools.blk_utils               :lz4_decompress_try:125:DEBUG  :Trying LZ4 marker+size; potential uncompressed size: 367
2026-09-19 19:09:11:tools.blk_utils               :lz4_decompress_try:125:DEBUG  :Trying LZ4 marker+size; potential uncompressed size: 9950
2026-09-19 19:09:16:tools.blk_utils               :lz4_decompress_try:125:DEBUG  :Trying LZ4 marker+size; potential uncompressed size: 367
2026-09-19 19:09:16:tools.blk_utils               :lz4_decompress_try:125:DEBUG  :Trying LZ4 marker+size; potential uncompressed size: 9950
2026-09-19 19:17:21:utils.auth                    :refresh        :194:DEBUG  :Refreshing entry for legendaryevenweeb@gmail.com
2026-09-19 19:17:21:apscheduler.executors.default :run_coroutine_job:195:ERROR  :Job "UserTokenCache._refresh (trigger: interval[0:10:00], next run at: 2026-09-19 19:27:21 CEST)" raised an exception
Traceback (most recent call last):
  File "/home/mahoyoshino/Projects/ThunderAPI/.venv/lib/python3.14/site-packages/apscheduler/executors/base.py", line 181, in run_coroutine_job
    retval = await job.func(*job.args, **job.kwargs)
             ^^^^^^^^^^^^^^^^^^^^^^^^^^^^^^^^^^^^^^^
  File "/home/mahoyoshino/Projects/ThunderAPI/utils/auth.py", line 615, in _refresh
    await entry.refresh()
  File "/home/mahoyoshino/Projects/ThunderAPI/utils/auth.py", line 215, in refresh
    if self.jwt != content["jwt"]:
                   ~~~~~~~^^^^^^^
KeyError: 'jwt'
2026-09-19 19:27:21:utils.auth                    :refresh        :194:DEBUG  :Refreshing entry for legendaryevenweeb@gmail.com
2026-09-19 19:27:21:apscheduler.executors.default :run_coroutine_job:195:ERROR  :Job "UserTokenCache._refresh (trigger: interval[0:10:00], next run at: 2026-09-19 19:37:21 CEST)" raised an exception
Traceback (most recent call last):
  File "/home/mahoyoshino/Projects/ThunderAPI/.venv/lib/python3.14/site-packages/apscheduler/executors/base.py", line 181, in run_coroutine_job
    retval = await job.func(*job.args, **job.kwargs)
             ^^^^^^^^^^^^^^^^^^^^^^^^^^^^^^^^^^^^^^^
  File "/home/mahoyoshino/Projects/ThunderAPI/utils/auth.py", line 615, in _refresh
    await entry.refresh()
  File "/home/mahoyoshino/Projects/ThunderAPI/utils/auth.py", line 215, in refresh
    if self.jwt != content["jwt"]:
                   ~~~~~~~^^^^^^^
KeyError: 'jwt'
2026-09-19 19:35:41:root                          :main           :260:INFO   :Shutting down
2026-09-19 21:23:04:root                          :main           :254:INFO   :Starting up on 127.0.0.1:8001
2026-09-19 21:23:04:urllib3.connectionpool        :_new_conn      :1062:DEBUG  :Starting new HTTPS connection (1): api.github.com:443
2026-09-19 21:23:05:urllib3.connectionpool        :_make_request  :544:DEBUG  :https://api.github.com:443 "GET /repos/P3TERX/GeoLite.mmdb HTTP/1.1" 200 1379
2026-09-19 21:23:05:urllib3.connectionpool        :_make_request  :544:DEBUG  :https://api.github.com:443 "GET /repos/P3TERX/GeoLite.mmdb/releases/latest HTTP/1.1" 200 1172
2026-09-19 21:23:05:utils.news                    :_writeID       :323:DEBUG  :Writing value 10237 for NEWS
2026-09-19 21:23:06:utils.news                    :_writeID       :323:DEBUG  :Writing value 1896 for CHANGELOG
2026-09-19 21:23:16:python_multipart.multipart    :callback       :636:DEBUG  :Calling on_field_start with no data
2026-09-19 21:23:16:python_multipart.multipart    :callback       :633:DEBUG  :Calling on_field_name with data[0:5]
2026-09-19 21:23:16:python_multipart.multipart    :callback       :633:DEBUG  :Calling on_field_data with data[6:31]
2026-09-19 21:23:16:python_multipart.multipart    :callback       :636:DEBUG  :Calling on_field_end with no data
2026-09-19 21:23:16:python_multipart.multipart    :callback       :636:DEBUG  :Calling on_field_start with no data
2026-09-19 21:23:16:python_multipart.multipart    :callback       :633:DEBUG  :Calling on_field_name with data[32:40]
2026-09-19 21:23:16:python_multipart.multipart    :callback       :633:DEBUG  :Calling on_field_data with data[41:53]
2026-09-19 21:23:16:python_multipart.multipart    :callback       :636:DEBUG  :Calling on_field_end with no data
2026-09-19 21:23:16:python_multipart.multipart    :callback       :636:DEBUG  :Calling on_end with no data
2026-09-19 21:23:16:utils.auth                    :login          :449:DEBUG  :Overwriting old loginentry for peckbotgaming@gmail.com
2026-09-19 21:24:38:root                          :main           :260:INFO   :Shutting down
2026-09-19 21:24:42:root                          :main           :254:INFO   :Starting up on 127.0.0.1:8001
2026-09-19 21:24:42:urllib3.connectionpool        :_new_conn      :1062:DEBUG  :Starting new HTTPS connection (1): api.github.com:443
2026-09-19 21:24:42:urllib3.connectionpool        :_make_request  :544:DEBUG  :https://api.github.com:443 "GET /repos/P3TERX/GeoLite.mmdb HTTP/1.1" 200 1379
2026-09-19 21:24:42:urllib3.connectionpool        :_make_request  :544:DEBUG  :https://api.github.com:443 "GET /repos/P3TERX/GeoLite.mmdb/releases/latest HTTP/1.1" 200 1172
2026-09-19 21:24:43:utils.news                    :_writeID       :323:DEBUG  :Writing value 10237 for NEWS
2026-09-19 21:24:43:utils.news                    :_writeID       :323:DEBUG  :Writing value 1896 for CHANGELOG
2026-09-19 21:25:37:root                          :main           :254:INFO   :Starting up on 127.0.0.1:8001
2026-09-19 21:25:37:urllib3.connectionpool        :_new_conn      :1062:DEBUG  :Starting new HTTPS connection (1): api.github.com:443
2026-09-19 21:25:37:urllib3.connectionpool        :_make_request  :544:DEBUG  :https://api.github.com:443 "GET /repos/P3TERX/GeoLite.mmdb HTTP/1.1" 200 1379
2026-09-19 21:25:37:urllib3.connectionpool        :_make_request  :544:DEBUG  :https://api.github.com:443 "GET /repos/P3TERX/GeoLite.mmdb/releases/latest HTTP/1.1" 200 1172
2026-09-19 21:25:38:utils.news                    :_writeID       :323:DEBUG  :Writing value 10237 for NEWS
2026-09-19 21:25:38:utils.news                    :_writeID       :323:DEBUG  :Writing value 1896 for CHANGELOG
2026-09-19 21:27:52:tools.blk_utils               :lz4_decompress_try:125:DEBUG  :Trying LZ4 be-size prefix; potential uncompressed size: 21740293
2026-09-19 21:27:52:tools.blk_utils               :lz4_decompress_try:128:DEBUG  :LZ4 be-size prefix decompression failed: Decompression failed: corrupt input or insufficient space in destination buffer. Error code: 11
2026-09-19 21:31:33:root                          :main           :254:INFO   :Starting up on 127.0.0.1:8001
2026-09-19 21:31:33:urllib3.connectionpool        :_new_conn      :1062:DEBUG  :Starting new HTTPS connection (1): api.github.com:443
2026-09-19 21:31:33:urllib3.connectionpool        :_make_request  :544:DEBUG  :https://api.github.com:443 "GET /repos/P3TERX/GeoLite.mmdb HTTP/1.1" 200 1379
2026-09-19 21:31:34:urllib3.connectionpool        :_make_request  :544:DEBUG  :https://api.github.com:443 "GET /repos/P3TERX/GeoLite.mmdb/releases/latest HTTP/1.1" 200 1174
2026-09-19 21:31:34:utils.news                    :_writeID       :323:DEBUG  :Writing value 10237 for NEWS
2026-09-19 21:31:34:utils.news                    :_writeID       :323:DEBUG  :Writing value 1896 for CHANGELOG
2026-09-19 21:33:28:tools.blk_utils               :lz4_decompress_try:125:DEBUG  :Trying LZ4 be-size prefix; potential uncompressed size: 21740293
2026-09-19 21:33:28:tools.blk_utils               :lz4_decompress_try:128:DEBUG  :LZ4 be-size prefix decompression failed: Decompression failed: corrupt input or insufficient space in destination buffer. Error code: 11
2026-09-19 21:58:56:root                          :main           :282:INFO   :Starting up on 127.0.0.1:8001
2026-09-19 21:58:56:root                          :lifespan       :86 :WARNING:Failed to fetch server from first server, trying secondary server
2026-09-19 21:58:56:root                          :lifespan       :94 :WARNING:Failed to fetch server list, using default server list
2026-09-19 21:58:56:urllib3.connectionpool        :_new_conn      :1062:DEBUG  :Starting new HTTPS connection (1): api.github.com:443
2026-09-19 21:58:56:urllib3.connectionpool        :_make_request  :544:DEBUG  :https://api.github.com:443 "GET /repos/P3TERX/GeoLite.mmdb HTTP/1.1" 200 1379
2026-09-19 21:58:57:urllib3.connectionpool        :_make_request  :544:DEBUG  :https://api.github.com:443 "GET /repos/P3TERX/GeoLite.mmdb/releases/latest HTTP/1.1" 200 1178
2026-09-19 21:58:57:utils.news                    :_writeID       :323:DEBUG  :Writing value 10237 for NEWS
2026-09-19 21:58:57:utils.news                    :_writeID       :323:DEBUG  :Writing value 1896 for CHANGELOG
2026-09-19 21:59:02:python_multipart.multipart    :callback       :636:DEBUG  :Calling on_field_start with no data
2026-09-19 21:59:02:python_multipart.multipart    :callback       :633:DEBUG  :Calling on_field_name with data[0:5]
2026-09-19 21:59:02:python_multipart.multipart    :callback       :633:DEBUG  :Calling on_field_data with data[6:31]
2026-09-19 21:59:02:python_multipart.multipart    :callback       :636:DEBUG  :Calling on_field_end with no data
2026-09-19 21:59:02:python_multipart.multipart    :callback       :636:DEBUG  :Calling on_field_start with no data
2026-09-19 21:59:02:python_multipart.multipart    :callback       :633:DEBUG  :Calling on_field_name with data[32:40]
2026-09-19 21:59:02:python_multipart.multipart    :callback       :633:DEBUG  :Calling on_field_data with data[41:53]
2026-09-19 21:59:02:python_multipart.multipart    :callback       :636:DEBUG  :Calling on_field_end with no data
2026-09-19 21:59:02:python_multipart.multipart    :callback       :636:DEBUG  :Calling on_end with no data
2026-09-19 21:59:04:utils.auth                    :login          :449:DEBUG  :Overwriting old loginentry for peckbotgaming@gmail.com
2026-09-19 21:59:27:tools.blk_utils               :lz4_decompress_try:125:DEBUG  :Trying LZ4 marker+size; potential uncompressed size: 9950
2026-09-19 22:00:00:tools.blk_utils               :lz4_decompress_try:125:DEBUG  :Trying LZ4 marker+size; potential uncompressed size: 23050
2026-09-19 22:00:09:tools.blk_utils               :lz4_decompress_try:125:DEBUG  :Trying LZ4 marker+size; potential uncompressed size: 162
2026-09-19 22:00:34:tools.blk_utils               :lz4_decompress_try:125:DEBUG  :Trying LZ4 marker+size; potential uncompressed size: 261792
2026-09-19 22:01:32:root                          :main           :288:INFO   :Shutting down
2026-09-19 22:01:38:root                          :main           :281:INFO   :Starting up on 127.0.0.1:8001
2026-09-19 22:02:16:root                          :main           :281:INFO   :Starting up on 127.0.0.1:8001
2026-09-19 22:02:21:root                          :lifespan       :85 :WARNING:Failed to fetch server from first server, trying secondary server
2026-09-19 22:02:21:root                          :lifespan       :93 :WARNING:Failed to fetch server list, using default server list
2026-09-19 22:02:21:urllib3.connectionpool        :_new_conn      :1062:DEBUG  :Starting new HTTPS connection (1): api.github.com:443
2026-09-19 22:02:22:urllib3.connectionpool        :_make_request  :544:DEBUG  :https://api.github.com:443 "GET /repos/P3TERX/GeoLite.mmdb HTTP/1.1" 200 1379
2026-09-19 22:02:22:urllib3.connectionpool        :_make_request  :544:DEBUG  :https://api.github.com:443 "GET /repos/P3TERX/GeoLite.mmdb/releases/latest HTTP/1.1" 200 1173
2026-09-19 22:02:22:utils.news                    :_writeID       :323:DEBUG  :Writing value 10237 for NEWS
2026-09-19 22:02:23:utils.news                    :_writeID       :323:DEBUG  :Writing value 1896 for CHANGELOG
2026-09-19 22:02:41:root                          :main           :281:INFO   :Starting up on 127.0.0.1:8001
2026-09-19 22:10:46:root                          :main           :281:INFO   :Starting up on 127.0.0.1:8001
2026-09-19 22:10:56:tools.blk_utils               :lz4_decompress_try:125:DEBUG  :Trying LZ4 be-size prefix; potential uncompressed size: 49023232
2026-09-19 22:10:56:tools.blk_utils               :lz4_decompress_try:128:DEBUG  :LZ4 be-size prefix decompression failed: Decompression failed: corrupt input or insufficient space in destination buffer. Error code: 6
2026-09-19 22:11:11:root                          :main           :279:INFO   :Starting up on 127.0.0.1:8001
2026-09-19 22:11:12:tools.blk_utils               :lz4_decompress_try:125:DEBUG  :Trying LZ4 be-size prefix; potential uncompressed size: 49023232
2026-09-19 22:11:12:tools.blk_utils               :lz4_decompress_try:128:DEBUG  :LZ4 be-size prefix decompression failed: Decompression failed: corrupt input or insufficient space in destination buffer. Error code: 6
2026-09-19 22:11:22:urllib3.connectionpool        :_new_conn      :1062:DEBUG  :Starting new HTTPS connection (1): api.github.com:443
2026-09-19 22:11:22:urllib3.connectionpool        :_make_request  :544:DEBUG  :https://api.github.com:443 "GET /repos/P3TERX/GeoLite.mmdb HTTP/1.1" 200 1379
2026-09-19 22:11:23:urllib3.connectionpool        :_make_request  :544:DEBUG  :https://api.github.com:443 "GET /repos/P3TERX/GeoLite.mmdb/releases/latest HTTP/1.1" 200 1170
2026-09-19 22:11:23:utils.news                    :_writeID       :323:DEBUG  :Writing value 10237 for NEWS
2026-09-19 22:11:23:utils.news                    :_writeID       :323:DEBUG  :Writing value 1896 for CHANGELOG
2026-09-19 22:31:51:root                          :main           :279:INFO   :Starting up on 127.0.0.1:8001
2026-09-19 22:31:52:tools.blk_utils               :lz4_decompress_try:125:DEBUG  :Trying LZ4 be-size prefix; potential uncompressed size: 49023232
2026-09-19 22:31:52:tools.blk_utils               :lz4_decompress_try:128:DEBUG  :LZ4 be-size prefix decompression failed: Decompression failed: corrupt input or insufficient space in destination buffer. Error code: 6
2026-09-19 22:31:52:urllib3.connectionpool        :_new_conn      :1062:DEBUG  :Starting new HTTPS connection (1): api.github.com:443
2026-09-19 22:31:52:urllib3.connectionpool        :_make_request  :544:DEBUG  :https://api.github.com:443 "GET /repos/P3TERX/GeoLite.mmdb HTTP/1.1" 200 1379
2026-09-19 22:31:53:urllib3.connectionpool        :_make_request  :544:DEBUG  :https://api.github.com:443 "GET /repos/P3TERX/GeoLite.mmdb/releases/latest HTTP/1.1" 200 1180
2026-09-19 22:31:53:utils.news                    :_writeID       :326:DEBUG  :Writing value 10237 for NEWS
2026-09-19 22:31:54:utils.news                    :_writeID       :326:DEBUG  :Writing value 1896 for CHANGELOG
2026-09-19 22:32:17:python_multipart.multipart    :callback       :636:DEBUG  :Calling on_field_start with no data
2026-09-19 22:32:17:python_multipart.multipart    :callback       :633:DEBUG  :Calling on_field_name with data[0:5]
2026-09-19 22:32:17:python_multipart.multipart    :callback       :633:DEBUG  :Calling on_field_data with data[6:35]
2026-09-19 22:32:17:python_multipart.multipart    :callback       :636:DEBUG  :Calling on_field_end with no data
2026-09-19 22:32:17:python_multipart.multipart    :callback       :636:DEBUG  :Calling on_field_start with no data
2026-09-19 22:32:17:python_multipart.multipart    :callback       :633:DEBUG  :Calling on_field_name with data[36:44]
2026-09-19 22:32:17:python_multipart.multipart    :callback       :633:DEBUG  :Calling on_field_data with data[45:60]
2026-09-19 22:32:17:python_multipart.multipart    :callback       :636:DEBUG  :Calling on_field_end with no data
2026-09-19 22:32:17:python_multipart.multipart    :callback       :636:DEBUG  :Calling on_end with no data
2026-09-19 22:32:18:utils.auth                    :login          :457:DEBUG  :Overwriting old loginentry for legendaryevenweeb@gmail.com
2026-09-19 22:32:33:tools.blk_utils               :lz4_decompress_try:125:DEBUG  :Trying LZ4 marker+size; potential uncompressed size: 23072
2026-09-19 22:32:45:tools.blk_utils               :lz4_decompress_try:125:DEBUG  :Trying LZ4 marker+size; potential uncompressed size: 367
2026-09-19 22:32:46:tools.blk_utils               :lz4_decompress_try:125:DEBUG  :Trying LZ4 marker+size; potential uncompressed size: 9950
2026-09-19 22:32:59:tools.blk_utils               :lz4_decompress_try:125:DEBUG  :Trying LZ4 marker+size; potential uncompressed size: 367
2026-09-19 22:32:59:tools.blk_utils               :lz4_decompress_try:125:DEBUG  :Trying LZ4 marker+size; potential uncompressed size: 9950
2026-09-19 22:32:59:tools.blk_utils               :lz4_decompress_try:125:DEBUG  :Trying LZ4 marker+size; potential uncompressed size: 855
2026-09-19 22:33:31:tools.blk_utils               :lz4_decompress_try:125:DEBUG  :Trying LZ4 marker+size; potential uncompressed size: 367
2026-09-19 22:33:31:tools.blk_utils               :lz4_decompress_try:125:DEBUG  :Trying LZ4 marker+size; potential uncompressed size: 9950
2026-09-19 22:33:31:tools.blk_utils               :lz4_decompress_try:125:DEBUG  :Trying LZ4 marker+size; potential uncompressed size: 855
2026-09-19 22:34:24:root                          :main           :279:INFO   :Starting up on 127.0.0.1:8001
2026-09-19 22:34:24:tools.blk_utils               :lz4_decompress_try:125:DEBUG  :Trying LZ4 be-size prefix; potential uncompressed size: 49023232
2026-09-19 22:34:24:tools.blk_utils               :lz4_decompress_try:128:DEBUG  :LZ4 be-size prefix decompression failed: Decompression failed: corrupt input or insufficient space in destination buffer. Error code: 6
2026-09-19 22:34:24:urllib3.connectionpool        :_new_conn      :1062:DEBUG  :Starting new HTTPS connection (1): api.github.com:443
2026-09-19 22:34:25:urllib3.connectionpool        :_make_request  :544:DEBUG  :https://api.github.com:443 "GET /repos/P3TERX/GeoLite.mmdb HTTP/1.1" 200 1379
2026-09-19 22:34:25:urllib3.connectionpool        :_make_request  :544:DEBUG  :https://api.github.com:443 "GET /repos/P3TERX/GeoLite.mmdb/releases/latest HTTP/1.1" 200 1180
2026-09-19 22:34:25:utils.news                    :_writeID       :326:DEBUG  :Writing value 10237 for NEWS
2026-09-19 22:34:25:tools.blk_utils               :lz4_decompress_try:125:DEBUG  :Trying LZ4 marker+size; potential uncompressed size: 367
2026-09-19 22:34:26:tools.blk_utils               :lz4_decompress_try:125:DEBUG  :Trying LZ4 marker+size; potential uncompressed size: 9950
2026-09-19 22:34:26:utils.news                    :_writeID       :326:DEBUG  :Writing value 1896 for CHANGELOG
2026-09-19 22:34:26:tools.blk_utils               :lz4_decompress_try:125:DEBUG  :Trying LZ4 marker+size; potential uncompressed size: 855
2026-09-19 22:36:38:root                          :main           :279:INFO   :Starting up on 127.0.0.1:8001
2026-09-19 22:36:38:tools.blk_utils               :lz4_decompress_try:125:DEBUG  :Trying LZ4 be-size prefix; potential uncompressed size: 49023232
2026-09-19 22:36:38:tools.blk_utils               :lz4_decompress_try:128:DEBUG  :LZ4 be-size prefix decompression failed: Decompression failed: corrupt input or insufficient space in destination buffer. Error code: 6
2026-09-19 22:36:38:urllib3.connectionpool        :_new_conn      :1062:DEBUG  :Starting new HTTPS connection (1): api.github.com:443
2026-09-19 22:36:38:urllib3.connectionpool        :_make_request  :544:DEBUG  :https://api.github.com:443 "GET /repos/P3TERX/GeoLite.mmdb HTTP/1.1" 200 1379
2026-09-19 22:36:39:urllib3.connectionpool        :_make_request  :544:DEBUG  :https://api.github.com:443 "GET /repos/P3TERX/GeoLite.mmdb/releases/latest HTTP/1.1" 200 1180
2026-09-19 22:36:39:utils.news                    :_writeID       :326:DEBUG  :Writing value 10237 for NEWS
2026-09-19 22:36:40:utils.news                    :_writeID       :326:DEBUG  :Writing value 1896 for CHANGELOG
2026-09-19 22:42:22:tools.blk_utils               :lz4_decompress_try:125:DEBUG  :Trying LZ4 marker+size; potential uncompressed size: 367
2026-09-19 22:42:22:tools.blk_utils               :lz4_decompress_try:125:DEBUG  :Trying LZ4 marker+size; potential uncompressed size: 9950
2026-09-19 22:42:22:tools.blk_utils               :lz4_decompress_try:125:DEBUG  :Trying LZ4 marker+size; potential uncompressed size: 855
2026-09-19 22:46:38:utils.auth                    :refresh        :202:DEBUG  :Refreshing entry for legendaryevenweeb@gmail.com
2026-09-19 22:46:38:apscheduler.executors.default :run_coroutine_job:195:ERROR  :Job "UserTokenCache._refresh (trigger: interval[0:10:00], next run at: 2026-09-19 22:56:38 CEST)" raised an exception
Traceback (most recent call last):
  File "/home/mahoyoshino/Projects/ThunderAPI/.venv/lib/python3.14/site-packages/apscheduler/executors/base.py", line 181, in run_coroutine_job
    retval = await job.func(*job.args, **job.kwargs)
             ^^^^^^^^^^^^^^^^^^^^^^^^^^^^^^^^^^^^^^^
  File "/home/mahoyoshino/Projects/ThunderAPI/utils/auth.py", line 624, in _refresh
    await entry.refresh()
  File "/home/mahoyoshino/Projects/ThunderAPI/utils/auth.py", line 223, in refresh
    if self.jwt != content["jwt"]:
                   ~~~~~~~^^^^^^^
KeyError: 'jwt'
2026-09-19 22:47:56:root                          :main           :279:INFO   :Starting up on 127.0.0.1:8001
2026-09-19 22:47:56:tools.blk_utils               :lz4_decompress_try:125:DEBUG  :Trying LZ4 be-size prefix; potential uncompressed size: 49023232
2026-09-19 22:47:56:tools.blk_utils               :lz4_decompress_try:128:DEBUG  :LZ4 be-size prefix decompression failed: Decompression failed: corrupt input or insufficient space in destination buffer. Error code: 6
2026-09-19 22:47:56:urllib3.connectionpool        :_new_conn      :1062:DEBUG  :Starting new HTTPS connection (1): api.github.com:443
2026-09-19 22:47:57:urllib3.connectionpool        :_make_request  :544:DEBUG  :https://api.github.com:443 "GET /repos/P3TERX/GeoLite.mmdb HTTP/1.1" 200 1379
2026-09-19 22:47:57:urllib3.connectionpool        :_make_request  :544:DEBUG  :https://api.github.com:443 "GET /repos/P3TERX/GeoLite.mmdb/releases/latest HTTP/1.1" 200 1172
2026-09-19 22:47:57:utils.news                    :_writeID       :326:DEBUG  :Writing value 10237 for NEWS
2026-09-19 22:47:58:utils.news                    :_writeID       :326:DEBUG  :Writing value 1896 for CHANGELOG
2026-09-19 22:48:45:root                          :main           :279:INFO   :Starting up on 127.0.0.1:8001
2026-09-19 22:48:46:tools.blk_utils               :lz4_decompress_try:125:DEBUG  :Trying LZ4 be-size prefix; potential uncompressed size: 49023232
2026-09-19 22:48:46:tools.blk_utils               :lz4_decompress_try:128:DEBUG  :LZ4 be-size prefix decompression failed: Decompression failed: corrupt input or insufficient space in destination buffer. Error code: 6
2026-09-19 22:48:46:urllib3.connectionpool        :_new_conn      :1062:DEBUG  :Starting new HTTPS connection (1): api.github.com:443
2026-09-19 22:48:46:urllib3.connectionpool        :_make_request  :544:DEBUG  :https://api.github.com:443 "GET /repos/P3TERX/GeoLite.mmdb HTTP/1.1" 200 1379
2026-09-19 22:48:47:urllib3.connectionpool        :_make_request  :544:DEBUG  :https://api.github.com:443 "GET /repos/P3TERX/GeoLite.mmdb/releases/latest HTTP/1.1" 200 1172
2026-09-19 22:48:47:utils.news                    :_writeID       :326:DEBUG  :Writing value 10237 for NEWS
2026-09-19 22:48:47:utils.news                    :_writeID       :326:DEBUG  :Writing value 1896 for CHANGELOG
2026-09-19 22:49:10:root                          :main           :279:INFO   :Starting up on 127.0.0.1:8001
2026-09-19 22:49:10:tools.blk_utils               :lz4_decompress_try:125:DEBUG  :Trying LZ4 be-size prefix; potential uncompressed size: 49023232
2026-09-19 22:49:10:tools.blk_utils               :lz4_decompress_try:128:DEBUG  :LZ4 be-size prefix decompression failed: Decompression failed: corrupt input or insufficient space in destination buffer. Error code: 6
2026-09-19 22:49:10:urllib3.connectionpool        :_new_conn      :1062:DEBUG  :Starting new HTTPS connection (1): api.github.com:443
2026-09-19 22:49:10:urllib3.connectionpool        :_make_request  :544:DEBUG  :https://api.github.com:443 "GET /repos/P3TERX/GeoLite.mmdb HTTP/1.1" 200 1379
2026-09-19 22:49:11:urllib3.connectionpool        :_make_request  :544:DEBUG  :https://api.github.com:443 "GET /repos/P3TERX/GeoLite.mmdb/releases/latest HTTP/1.1" 200 1172
2026-09-19 22:49:11:utils.news                    :_writeID       :326:DEBUG  :Writing value 10237 for NEWS
2026-09-19 22:49:11:utils.news                    :_writeID       :326:DEBUG  :Writing value 1896 for CHANGELOG
2026-09-19 22:49:50:root                          :main           :279:INFO   :Starting up on 127.0.0.1:8001
2026-09-19 22:49:50:tools.blk_utils               :lz4_decompress_try:125:DEBUG  :Trying LZ4 be-size prefix; potential uncompressed size: 49023232
2026-09-19 22:49:50:tools.blk_utils               :lz4_decompress_try:128:DEBUG  :LZ4 be-size prefix decompression failed: Decompression failed: corrupt input or insufficient space in destination buffer. Error code: 6
2026-09-19 22:49:50:urllib3.connectionpool        :_new_conn      :1062:DEBUG  :Starting new HTTPS connection (1): api.github.com:443
2026-09-19 22:49:50:urllib3.connectionpool        :_make_request  :544:DEBUG  :https://api.github.com:443 "GET /repos/P3TERX/GeoLite.mmdb HTTP/1.1" 200 1379
2026-09-19 22:49:51:urllib3.connectionpool        :_make_request  :544:DEBUG  :https://api.github.com:443 "GET /repos/P3TERX/GeoLite.mmdb/releases/latest HTTP/1.1" 200 1172
2026-09-19 22:49:51:utils.news                    :_writeID       :326:DEBUG  :Writing value 10237 for NEWS
2026-09-19 22:49:51:utils.news                    :_writeID       :326:DEBUG  :Writing value 1896 for CHANGELOG
2026-09-19 22:50:20:root                          :main           :279:INFO   :Starting up on 127.0.0.1:8001
2026-09-19 22:50:20:tools.blk_utils               :lz4_decompress_try:125:DEBUG  :Trying LZ4 be-size prefix; potential uncompressed size: 49023232
2026-09-19 22:50:20:tools.blk_utils               :lz4_decompress_try:128:DEBUG  :LZ4 be-size prefix decompression failed: Decompression failed: corrupt input or insufficient space in destination buffer. Error code: 6
2026-09-19 22:50:20:urllib3.connectionpool        :_new_conn      :1062:DEBUG  :Starting new HTTPS connection (1): api.github.com:443
2026-09-19 22:50:20:urllib3.connectionpool        :_make_request  :544:DEBUG  :https://api.github.com:443 "GET /repos/P3TERX/GeoLite.mmdb HTTP/1.1" 200 1379
2026-09-19 22:50:20:urllib3.connectionpool        :_make_request  :544:DEBUG  :https://api.github.com:443 "GET /repos/P3TERX/GeoLite.mmdb/releases/latest HTTP/1.1" 200 1172
2026-09-19 22:50:20:utils.news                    :_writeID       :326:DEBUG  :Writing value 10237 for NEWS
2026-09-19 22:50:21:utils.news                    :_writeID       :326:DEBUG  :Writing value 1896 for CHANGELOG
2026-09-19 22:52:01:root                          :main           :279:INFO   :Starting up on 127.0.0.1:8001
2026-09-19 22:52:01:tools.blk_utils               :lz4_decompress_try:125:DEBUG  :Trying LZ4 be-size prefix; potential uncompressed size: 49023232
2026-09-19 22:52:01:tools.blk_utils               :lz4_decompress_try:128:DEBUG  :LZ4 be-size prefix decompression failed: Decompression failed: corrupt input or insufficient space in destination buffer. Error code: 6
2026-09-19 22:52:01:urllib3.connectionpool        :_new_conn      :1062:DEBUG  :Starting new HTTPS connection (1): api.github.com:443
2026-09-19 22:52:02:urllib3.connectionpool        :_make_request  :544:DEBUG  :https://api.github.com:443 "GET /repos/P3TERX/GeoLite.mmdb HTTP/1.1" 200 1379
2026-09-19 22:52:02:urllib3.connectionpool        :_make_request  :544:DEBUG  :https://api.github.com:443 "GET /repos/P3TERX/GeoLite.mmdb/releases/latest HTTP/1.1" 200 1176
2026-09-19 22:52:02:utils.news                    :_writeID       :326:DEBUG  :Writing value 10237 for NEWS
2026-09-19 22:52:03:utils.news                    :_writeID       :326:DEBUG  :Writing value 1896 for CHANGELOG
2026-09-19 22:52:31:root                          :main           :279:INFO   :Starting up on 127.0.0.1:8001
2026-09-19 22:52:31:tools.blk_utils               :lz4_decompress_try:125:DEBUG  :Trying LZ4 be-size prefix; potential uncompressed size: 49023232
2026-09-19 22:52:31:tools.blk_utils               :lz4_decompress_try:128:DEBUG  :LZ4 be-size prefix decompression failed: Decompression failed: corrupt input or insufficient space in destination buffer. Error code: 6
2026-09-19 22:52:31:urllib3.connectionpool        :_new_conn      :1062:DEBUG  :Starting new HTTPS connection (1): api.github.com:443
2026-09-19 22:52:31:urllib3.connectionpool        :_make_request  :544:DEBUG  :https://api.github.com:443 "GET /repos/P3TERX/GeoLite.mmdb HTTP/1.1" 200 1379
2026-09-19 22:52:32:urllib3.connectionpool        :_make_request  :544:DEBUG  :https://api.github.com:443 "GET /repos/P3TERX/GeoLite.mmdb/releases/latest HTTP/1.1" 200 1176
2026-09-19 22:52:32:utils.news                    :_writeID       :326:DEBUG  :Writing value 10237 for NEWS
2026-09-19 22:52:32:utils.news                    :_writeID       :326:DEBUG  :Writing value 1896 for CHANGELOG
2026-09-19 23:02:31:python_multipart.multipart    :callback       :636:DEBUG  :Calling on_field_start with no data
2026-09-19 23:02:31:python_multipart.multipart    :callback       :633:DEBUG  :Calling on_field_name with data[0:5]
2026-09-19 23:02:31:python_multipart.multipart    :callback       :633:DEBUG  :Calling on_field_data with data[6:31]
2026-09-19 23:02:31:python_multipart.multipart    :callback       :636:DEBUG  :Calling on_field_end with no data
2026-09-19 23:02:31:python_multipart.multipart    :callback       :636:DEBUG  :Calling on_field_start with no data
2026-09-19 23:02:31:python_multipart.multipart    :callback       :633:DEBUG  :Calling on_field_name with data[32:40]
2026-09-19 23:02:31:python_multipart.multipart    :callback       :633:DEBUG  :Calling on_field_data with data[41:53]
2026-09-19 23:02:31:python_multipart.multipart    :callback       :636:DEBUG  :Calling on_field_end with no data
2026-09-19 23:02:31:python_multipart.multipart    :callback       :636:DEBUG  :Calling on_end with no data
2026-09-19 23:02:31:utils.auth                    :refresh        :202:DEBUG  :Refreshing entry for legendaryevenweeb@gmail.com
2026-09-19 23:02:31:apscheduler.executors.default :run_coroutine_job:195:ERROR  :Job "UserTokenCache._refresh (trigger: interval[0:10:00], next run at: 2026-09-19 23:12:31 CEST)" raised an exception
Traceback (most recent call last):
  File "/home/mahoyoshino/Projects/ThunderAPI/.venv/lib/python3.14/site-packages/apscheduler/executors/base.py", line 181, in run_coroutine_job
    retval = await job.func(*job.args, **job.kwargs)
             ^^^^^^^^^^^^^^^^^^^^^^^^^^^^^^^^^^^^^^^
  File "/home/mahoyoshino/Projects/ThunderAPI/utils/auth.py", line 624, in _refresh
    await entry.refresh()
  File "/home/mahoyoshino/Projects/ThunderAPI/utils/auth.py", line 223, in refresh
    if self.jwt != content["jwt"]:
                   ~~~~~~~^^^^^^^
KeyError: 'jwt'
2026-09-19 23:02:33:utils.auth                    :login          :457:DEBUG  :Overwriting old loginentry for peckbotgaming@gmail.com
2026-09-19 23:02:42:tools.blk_utils               :lz4_decompress_try:125:DEBUG  :Trying LZ4 marker+size; potential uncompressed size: 262433
2026-09-19 23:04:15:tools.blk_utils               :lz4_decompress_try:125:DEBUG  :Trying LZ4 marker+size; potential uncompressed size: 262433
2026-09-19 23:04:38:tools.blk_utils               :lz4_decompress_try:125:DEBUG  :Trying LZ4 marker+size; potential uncompressed size: 262433
2026-09-19 23:12:31:utils.auth                    :refresh        :202:DEBUG  :Refreshing entry for peckbotgaming@gmail.com
2026-09-19 23:12:31:apscheduler.executors.default :run_coroutine_job:195:ERROR  :Job "UserTokenCache._refresh (trigger: interval[0:10:00], next run at: 2026-09-19 23:22:31 CEST)" raised an exception
Traceback (most recent call last):
  File "/home/mahoyoshino/Projects/ThunderAPI/.venv/lib/python3.14/site-packages/apscheduler/executors/base.py", line 181, in run_coroutine_job
    retval = await job.func(*job.args, **job.kwargs)
             ^^^^^^^^^^^^^^^^^^^^^^^^^^^^^^^^^^^^^^^
  File "/home/mahoyoshino/Projects/ThunderAPI/utils/auth.py", line 624, in _refresh
    await entry.refresh()
  File "/home/mahoyoshino/Projects/ThunderAPI/utils/auth.py", line 223, in refresh
    if self.jwt != content["jwt"]:
                   ~~~~~~~^^^^^^^
KeyError: 'jwt'
2026-09-19 23:22:31:utils.auth                    :refresh        :202:DEBUG  :Refreshing entry for peckbotgaming@gmail.com
2026-09-19 23:22:31:apscheduler.executors.default :run_coroutine_job:195:ERROR  :Job "UserTokenCache._refresh (trigger: interval[0:10:00], next run at: 2026-09-19 23:32:31 CEST)" raised an exception
Traceback (most recent call last):
  File "/home/mahoyoshino/Projects/ThunderAPI/.venv/lib/python3.14/site-packages/apscheduler/executors/base.py", line 181, in run_coroutine_job
    retval = await job.func(*job.args, **job.kwargs)
             ^^^^^^^^^^^^^^^^^^^^^^^^^^^^^^^^^^^^^^^
  File "/home/mahoyoshino/Projects/ThunderAPI/utils/auth.py", line 624, in _refresh
    await entry.refresh()
  File "/home/mahoyoshino/Projects/ThunderAPI/utils/auth.py", line 223, in refresh
    if self.jwt != content["jwt"]:
                   ~~~~~~~^^^^^^^
KeyError: 'jwt'
2026-09-19 23:22:33:utils.news                    :_writeID       :326:DEBUG  :Writing value 10237 for NEWS
2026-09-19 23:22:33:utils.news                    :_writeID       :326:DEBUG  :Writing value 1896 for CHANGELOG
2026-09-19 23:32:31:utils.auth                    :refresh        :202:DEBUG  :Refreshing entry for peckbotgaming@gmail.com
2026-09-19 23:32:31:apscheduler.executors.default :run_coroutine_job:195:ERROR  :Job "UserTokenCache._refresh (trigger: interval[0:10:00], next run at: 2026-09-19 23:42:31 CEST)" raised an exception
Traceback (most recent call last):
  File "/home/mahoyoshino/Projects/ThunderAPI/.venv/lib/python3.14/site-packages/apscheduler/executors/base.py", line 181, in run_coroutine_job
    retval = await job.func(*job.args, **job.kwargs)
             ^^^^^^^^^^^^^^^^^^^^^^^^^^^^^^^^^^^^^^^
  File "/home/mahoyoshino/Projects/ThunderAPI/utils/auth.py", line 624, in _refresh
    await entry.refresh()
  File "/home/mahoyoshino/Projects/ThunderAPI/utils/auth.py", line 223, in refresh
    if self.jwt != content["jwt"]:
                   ~~~~~~~^^^^^^^
KeyError: 'jwt'
2026-09-19 23:36:20:root                          :main           :279:INFO   :Starting up on 127.0.0.1:8001
2026-09-19 23:36:20:tools.blk_utils               :lz4_decompress_try:125:DEBUG  :Trying LZ4 be-size prefix; potential uncompressed size: 49023232
2026-09-19 23:36:20:tools.blk_utils               :lz4_decompress_try:128:DEBUG  :LZ4 be-size prefix decompression failed: Decompression failed: corrupt input or insufficient space in destination buffer. Error code: 6
2026-09-19 23:36:20:urllib3.connectionpool        :_new_conn      :1062:DEBUG  :Starting new HTTPS connection (1): api.github.com:443
2026-09-19 23:36:20:urllib3.connectionpool        :_make_request  :544:DEBUG  :https://api.github.com:443 "GET /repos/P3TERX/GeoLite.mmdb HTTP/1.1" 200 1379
2026-09-19 23:36:21:urllib3.connectionpool        :_make_request  :544:DEBUG  :https://api.github.com:443 "GET /repos/P3TERX/GeoLite.mmdb/releases/latest HTTP/1.1" 200 1172
2026-09-19 23:36:21:utils.news                    :_writeID       :326:DEBUG  :Writing value 10237 for NEWS
2026-09-19 23:36:21:utils.news                    :_writeID       :326:DEBUG  :Writing value 1896 for CHANGELOG
2026-09-19 23:37:00:root                          :main           :279:INFO   :Starting up on 127.0.0.1:8001
2026-09-19 23:37:00:tools.blk_utils               :lz4_decompress_try:125:DEBUG  :Trying LZ4 be-size prefix; potential uncompressed size: 49023232
2026-09-19 23:37:00:tools.blk_utils               :lz4_decompress_try:128:DEBUG  :LZ4 be-size prefix decompression failed: Decompression failed: corrupt input or insufficient space in destination buffer. Error code: 6
2026-09-19 23:37:00:urllib3.connectionpool        :_new_conn      :1062:DEBUG  :Starting new HTTPS connection (1): api.github.com:443
2026-09-19 23:37:00:urllib3.connectionpool        :_make_request  :544:DEBUG  :https://api.github.com:443 "GET /repos/P3TERX/GeoLite.mmdb HTTP/1.1" 200 1379
2026-09-19 23:37:00:urllib3.connectionpool        :_make_request  :544:DEBUG  :https://api.github.com:443 "GET /repos/P3TERX/GeoLite.mmdb/releases/latest HTTP/1.1" 200 1172
2026-09-19 23:37:00:utils.news                    :_writeID       :326:DEBUG  :Writing value 10237 for NEWS
2026-09-19 23:37:01:utils.news                    :_writeID       :326:DEBUG  :Writing value 1896 for CHANGELOG
2026-09-19 23:37:29:root                          :main           :279:INFO   :Starting up on 127.0.0.1:8001
2026-09-19 23:37:29:tools.blk_utils               :lz4_decompress_try:125:DEBUG  :Trying LZ4 be-size prefix; potential uncompressed size: 49023232
2026-09-19 23:37:29:tools.blk_utils               :lz4_decompress_try:128:DEBUG  :LZ4 be-size prefix decompression failed: Decompression failed: corrupt input or insufficient space in destination buffer. Error code: 6
2026-09-19 23:37:29:urllib3.connectionpool        :_new_conn      :1062:DEBUG  :Starting new HTTPS connection (1): api.github.com:443
2026-09-19 23:37:29:urllib3.connectionpool        :_make_request  :544:DEBUG  :https://api.github.com:443 "GET /repos/P3TERX/GeoLite.mmdb HTTP/1.1" 200 1379
2026-09-19 23:37:30:urllib3.connectionpool        :_make_request  :544:DEBUG  :https://api.github.com:443 "GET /repos/P3TERX/GeoLite.mmdb/releases/latest HTTP/1.1" 200 1172
2026-09-19 23:37:30:utils.news                    :_writeID       :326:DEBUG  :Writing value 10237 for NEWS
2026-09-19 23:37:30:utils.news                    :_writeID       :326:DEBUG  :Writing value 1896 for CHANGELOG
2026-09-19 23:37:47:python_multipart.multipart    :callback       :636:DEBUG  :Calling on_field_start with no data
2026-09-19 23:37:47:python_multipart.multipart    :callback       :633:DEBUG  :Calling on_field_name with data[0:5]
2026-09-19 23:37:47:python_multipart.multipart    :callback       :633:DEBUG  :Calling on_field_data with data[6:35]
2026-09-19 23:37:47:python_multipart.multipart    :callback       :636:DEBUG  :Calling on_field_end with no data
2026-09-19 23:37:47:python_multipart.multipart    :callback       :636:DEBUG  :Calling on_field_start with no data
2026-09-19 23:37:47:python_multipart.multipart    :callback       :633:DEBUG  :Calling on_field_name with data[36:44]
2026-09-19 23:37:47:python_multipart.multipart    :callback       :633:DEBUG  :Calling on_field_data with data[45:60]
2026-09-19 23:37:47:python_multipart.multipart    :callback       :636:DEBUG  :Calling on_field_end with no data
2026-09-19 23:37:47:python_multipart.multipart    :callback       :636:DEBUG  :Calling on_end with no data
2026-09-19 23:37:48:utils.auth                    :login          :459:DEBUG  :Overwriting old loginentry for legendaryevenweeb@gmail.com
2026-09-19 23:38:03:python_multipart.multipart    :callback       :636:DEBUG  :Calling on_field_start with no data
2026-09-19 23:38:03:python_multipart.multipart    :callback       :633:DEBUG  :Calling on_field_name with data[0:8]
2026-09-19 23:38:03:python_multipart.multipart    :callback       :633:DEBUG  :Calling on_field_data with data[9:24]
2026-09-19 23:38:03:python_multipart.multipart    :callback       :636:DEBUG  :Calling on_field_end with no data
2026-09-19 23:38:03:python_multipart.multipart    :callback       :636:DEBUG  :Calling on_end with no data
2026-09-19 23:42:35:python_multipart.multipart    :callback       :636:DEBUG  :Calling on_field_start with no data
2026-09-19 23:42:35:python_multipart.multipart    :callback       :633:DEBUG  :Calling on_field_name with data[0:8]
2026-09-19 23:42:35:python_multipart.multipart    :callback       :633:DEBUG  :Calling on_field_data with data[9:24]
2026-09-19 23:42:35:python_multipart.multipart    :callback       :636:DEBUG  :Calling on_field_end with no data
2026-09-19 23:42:35:python_multipart.multipart    :callback       :636:DEBUG  :Calling on_end with no data
2026-09-19 23:44:49:root                          :main           :279:INFO   :Starting up on 127.0.0.1:8001
2026-09-19 23:44:49:tools.blk_utils               :lz4_decompress_try:125:DEBUG  :Trying LZ4 be-size prefix; potential uncompressed size: 49023232
2026-09-19 23:44:49:tools.blk_utils               :lz4_decompress_try:128:DEBUG  :LZ4 be-size prefix decompression failed: Decompression failed: corrupt input or insufficient space in destination buffer. Error code: 6
2026-09-19 23:44:49:urllib3.connectionpool        :_new_conn      :1062:DEBUG  :Starting new HTTPS connection (1): api.github.com:443
2026-09-19 23:44:49:urllib3.connectionpool        :_make_request  :544:DEBUG  :https://api.github.com:443 "GET /repos/P3TERX/GeoLite.mmdb HTTP/1.1" 200 1379
2026-09-19 23:44:50:urllib3.connectionpool        :_make_request  :544:DEBUG  :https://api.github.com:443 "GET /repos/P3TERX/GeoLite.mmdb/releases/latest HTTP/1.1" 200 1178
2026-09-19 23:44:50:utils.news                    :_writeID       :326:DEBUG  :Writing value 10237 for NEWS
2026-09-19 23:44:51:utils.news                    :_writeID       :326:DEBUG  :Writing value 1896 for CHANGELOG
2026-09-19 23:44:53:python_multipart.multipart    :callback       :636:DEBUG  :Calling on_field_start with no data
2026-09-19 23:44:53:python_multipart.multipart    :callback       :633:DEBUG  :Calling on_field_name with data[0:8]
2026-09-19 23:44:53:python_multipart.multipart    :callback       :633:DEBUG  :Calling on_field_data with data[9:24]
2026-09-19 23:44:53:python_multipart.multipart    :callback       :636:DEBUG  :Calling on_field_end with no data
2026-09-19 23:44:53:python_multipart.multipart    :callback       :636:DEBUG  :Calling on_end with no data
2026-09-19 23:47:09:python_multipart.multipart    :callback       :636:DEBUG  :Calling on_field_start with no data
2026-09-19 23:47:09:python_multipart.multipart    :callback       :633:DEBUG  :Calling on_field_name with data[0:8]
2026-09-19 23:47:09:python_multipart.multipart    :callback       :633:DEBUG  :Calling on_field_data with data[9:24]
2026-09-19 23:47:09:python_multipart.multipart    :callback       :636:DEBUG  :Calling on_field_end with no data
2026-09-19 23:47:09:python_multipart.multipart    :callback       :636:DEBUG  :Calling on_end with no data
2026-09-19 23:48:36:root                          :main           :279:INFO   :Starting up on 127.0.0.1:8001
2026-09-19 23:48:37:tools.blk_utils               :lz4_decompress_try:125:DEBUG  :Trying LZ4 be-size prefix; potential uncompressed size: 49023232
2026-09-19 23:48:37:tools.blk_utils               :lz4_decompress_try:128:DEBUG  :LZ4 be-size prefix decompression failed: Decompression failed: corrupt input or insufficient space in destination buffer. Error code: 6
2026-09-19 23:48:37:urllib3.connectionpool        :_new_conn      :1062:DEBUG  :Starting new HTTPS connection (1): api.github.com:443
2026-09-19 23:48:37:urllib3.connectionpool        :_make_request  :544:DEBUG  :https://api.github.com:443 "GET /repos/P3TERX/GeoLite.mmdb HTTP/1.1" 200 1379
2026-09-19 23:48:37:urllib3.connectionpool        :_make_request  :544:DEBUG  :https://api.github.com:443 "GET /repos/P3TERX/GeoLite.mmdb/releases/latest HTTP/1.1" 200 1178
2026-09-19 23:48:38:utils.news                    :_writeID       :326:DEBUG  :Writing value 10237 for NEWS
2026-09-19 23:48:38:utils.news                    :_writeID       :326:DEBUG  :Writing value 1896 for CHANGELOG
2026-09-19 23:48:41:python_multipart.multipart    :callback       :636:DEBUG  :Calling on_field_start with no data
2026-09-19 23:48:41:python_multipart.multipart    :callback       :633:DEBUG  :Calling on_field_name with data[0:8]
2026-09-19 23:48:41:python_multipart.multipart    :callback       :633:DEBUG  :Calling on_field_data with data[9:24]
2026-09-19 23:48:41:python_multipart.multipart    :callback       :636:DEBUG  :Calling on_field_end with no data
2026-09-19 23:48:41:python_multipart.multipart    :callback       :636:DEBUG  :Calling on_end with no data
2026-09-19 23:50:02:python_multipart.multipart    :callback       :636:DEBUG  :Calling on_field_start with no data
2026-09-19 23:50:02:python_multipart.multipart    :callback       :633:DEBUG  :Calling on_field_name with data[0:8]
2026-09-19 23:50:02:python_multipart.multipart    :callback       :633:DEBUG  :Calling on_field_data with data[9:24]
2026-09-19 23:50:02:python_multipart.multipart    :callback       :636:DEBUG  :Calling on_field_end with no data
2026-09-19 23:50:02:python_multipart.multipart    :callback       :636:DEBUG  :Calling on_end with no data
2026-09-19 23:51:36:python_multipart.multipart    :callback       :636:DEBUG  :Calling on_field_start with no data
2026-09-19 23:51:36:python_multipart.multipart    :callback       :633:DEBUG  :Calling on_field_name with data[0:8]
2026-09-19 23:51:36:python_multipart.multipart    :callback       :633:DEBUG  :Calling on_field_data with data[9:24]
2026-09-19 23:51:36:python_multipart.multipart    :callback       :636:DEBUG  :Calling on_field_end with no data
2026-09-19 23:51:36:python_multipart.multipart    :callback       :636:DEBUG  :Calling on_end with no data
2026-09-19 23:52:51:root                          :main           :279:INFO   :Starting up on 127.0.0.1:8001
2026-09-19 23:52:51:tools.blk_utils               :lz4_decompress_try:125:DEBUG  :Trying LZ4 be-size prefix; potential uncompressed size: 49023232
2026-09-19 23:52:51:tools.blk_utils               :lz4_decompress_try:128:DEBUG  :LZ4 be-size prefix decompression failed: Decompression failed: corrupt input or insufficient space in destination buffer. Error code: 6
2026-09-19 23:52:51:urllib3.connectionpool        :_new_conn      :1062:DEBUG  :Starting new HTTPS connection (1): api.github.com:443
2026-09-19 23:52:51:urllib3.connectionpool        :_make_request  :544:DEBUG  :https://api.github.com:443 "GET /repos/P3TERX/GeoLite.mmdb HTTP/1.1" 200 1379
2026-09-19 23:52:52:urllib3.connectionpool        :_make_request  :544:DEBUG  :https://api.github.com:443 "GET /repos/P3TERX/GeoLite.mmdb/releases/latest HTTP/1.1" 200 1171
2026-09-19 23:52:52:python_multipart.multipart    :callback       :636:DEBUG  :Calling on_field_start with no data
2026-09-19 23:52:52:python_multipart.multipart    :callback       :633:DEBUG  :Calling on_field_name with data[0:8]
2026-09-19 23:52:52:python_multipart.multipart    :callback       :633:DEBUG  :Calling on_field_data with data[9:24]
2026-09-19 23:52:52:python_multipart.multipart    :callback       :636:DEBUG  :Calling on_field_end with no data
2026-09-19 23:52:52:python_multipart.multipart    :callback       :636:DEBUG  :Calling on_end with no data
2026-09-19 23:52:52:utils.news                    :_writeID       :326:DEBUG  :Writing value 10237 for NEWS
2026-09-19 23:52:53:utils.news                    :_writeID       :326:DEBUG  :Writing value 1896 for CHANGELOG
2026-09-19 23:55:47:root                          :main           :279:INFO   :Starting up on 127.0.0.1:8001
2026-09-19 23:55:47:tools.blk_utils               :lz4_decompress_try:125:DEBUG  :Trying LZ4 be-size prefix; potential uncompressed size: 49023232
2026-09-19 23:55:47:tools.blk_utils               :lz4_decompress_try:128:DEBUG  :LZ4 be-size prefix decompression failed: Decompression failed: corrupt input or insufficient space in destination buffer. Error code: 6
2026-09-19 23:55:47:urllib3.connectionpool        :_new_conn      :1062:DEBUG  :Starting new HTTPS connection (1): api.github.com:443
2026-09-19 23:55:47:urllib3.connectionpool        :_make_request  :544:DEBUG  :https://api.github.com:443 "GET /repos/P3TERX/GeoLite.mmdb HTTP/1.1" 200 1379
2026-09-19 23:55:48:urllib3.connectionpool        :_make_request  :544:DEBUG  :https://api.github.com:443 "GET /repos/P3TERX/GeoLite.mmdb/releases/latest HTTP/1.1" 200 1171
2026-09-19 23:55:48:utils.news                    :_writeID       :326:DEBUG  :Writing value 10237 for NEWS
2026-09-19 23:55:49:utils.news                    :_writeID       :326:DEBUG  :Writing value 1896 for CHANGELOG
2026-09-19 23:58:50:root                          :main           :279:INFO   :Starting up on 127.0.0.1:8001
2026-09-19 23:58:51:tools.blk_utils               :lz4_decompress_try:125:DEBUG  :Trying LZ4 be-size prefix; potential uncompressed size: 49023232
2026-09-19 23:58:51:tools.blk_utils               :lz4_decompress_try:128:DEBUG  :LZ4 be-size prefix decompression failed: Decompression failed: corrupt input or insufficient space in destination buffer. Error code: 6
2026-09-19 23:58:51:urllib3.connectionpool        :_new_conn      :1062:DEBUG  :Starting new HTTPS connection (1): api.github.com:443
2026-09-19 23:58:51:urllib3.connectionpool        :_make_request  :544:DEBUG  :https://api.github.com:443 "GET /repos/P3TERX/GeoLite.mmdb HTTP/1.1" 200 1379
2026-09-19 23:58:51:urllib3.connectionpool        :_make_request  :544:DEBUG  :https://api.github.com:443 "GET /repos/P3TERX/GeoLite.mmdb/releases/latest HTTP/1.1" 200 1171
2026-09-19 23:58:52:utils.news                    :_writeID       :326:DEBUG  :Writing value 10237 for NEWS
2026-09-19 23:58:52:utils.news                    :_writeID       :326:DEBUG  :Writing value 1896 for CHANGELOG
2026-09-19 23:59:35:python_multipart.multipart    :callback       :636:DEBUG  :Calling on_field_start with no data
2026-09-19 23:59:35:python_multipart.multipart    :callback       :633:DEBUG  :Calling on_field_name with data[0:8]
2026-09-19 23:59:35:python_multipart.multipart    :callback       :633:DEBUG  :Calling on_field_data with data[9:24]
2026-09-19 23:59:35:python_multipart.multipart    :callback       :636:DEBUG  :Calling on_field_end with no data
2026-09-19 23:59:35:python_multipart.multipart    :callback       :636:DEBUG  :Calling on_end with no data
2026-09-20 00:02:08:root                          :main           :279:INFO   :Starting up on 127.0.0.1:8001
2026-09-20 00:02:08:tools.blk_utils               :lz4_decompress_try:125:DEBUG  :Trying LZ4 be-size prefix; potential uncompressed size: 49023232
2026-09-20 00:02:08:tools.blk_utils               :lz4_decompress_try:128:DEBUG  :LZ4 be-size prefix decompression failed: Decompression failed: corrupt input or insufficient space in destination buffer. Error code: 6
2026-09-20 00:02:08:urllib3.connectionpool        :_new_conn      :1062:DEBUG  :Starting new HTTPS connection (1): api.github.com:443
2026-09-20 00:02:08:urllib3.connectionpool        :_make_request  :544:DEBUG  :https://api.github.com:443 "GET /repos/P3TERX/GeoLite.mmdb HTTP/1.1" 200 1379
2026-09-20 00:02:09:urllib3.connectionpool        :_make_request  :544:DEBUG  :https://api.github.com:443 "GET /repos/P3TERX/GeoLite.mmdb/releases/latest HTTP/1.1" 200 1388
2026-09-20 00:02:09:utils.news                    :_writeID       :326:DEBUG  :Writing value 10237 for NEWS
2026-09-20 00:02:09:utils.news                    :_writeID       :326:DEBUG  :Writing value 1896 for CHANGELOG
2026-09-20 00:12:08:utils.auth                    :refresh        :202:DEBUG  :Refreshing entry for legendaryevenweeb@gmail.com
2026-09-20 00:12:08:utils.auth                    :remove_entry   :595:DEBUG  :Removed entry legendaryevenweeb@gmail.com
